Component: ARM Compiler 5.06 update 6 (build 750) Tool: armlink [4d35ed]

==============================================================================

Section Cross References

    hts221_driver.o(i.HTS221_Activate) refers to hts221_driver.o(i.HTS221_ReadReg) for HTS221_ReadReg
    hts221_driver.o(i.HTS221_Activate) refers to hts221_driver.o(i.HTS221_WriteReg) for HTS221_WriteReg
    hts221_driver.o(i.HTS221_DeActivate) refers to hts221_driver.o(i.HTS221_ReadReg) for HTS221_ReadReg
    hts221_driver.o(i.HTS221_DeActivate) refers to hts221_driver.o(i.HTS221_WriteReg) for HTS221_WriteReg
    hts221_driver.o(i.HTS221_DeInit) refers to hts221_driver.o(i.HTS221_ReadReg) for HTS221_ReadReg
    hts221_driver.o(i.HTS221_DeInit) refers to hts221_driver.o(i.HTS221_WriteReg) for HTS221_WriteReg
    hts221_driver.o(i.HTS221_Get_AvgHT) refers to hts221_driver.o(i.HTS221_ReadReg) for HTS221_ReadReg
    hts221_driver.o(i.HTS221_Get_BduMode) refers to hts221_driver.o(i.HTS221_ReadReg) for HTS221_ReadReg
    hts221_driver.o(i.HTS221_Get_DataStatus) refers to hts221_driver.o(i.HTS221_ReadReg) for HTS221_ReadReg
    hts221_driver.o(i.HTS221_Get_DeviceID) refers to hts221_driver.o(i.HTS221_ReadReg) for HTS221_ReadReg
    hts221_driver.o(i.HTS221_Get_HeaterState) refers to hts221_driver.o(i.HTS221_ReadReg) for HTS221_ReadReg
    hts221_driver.o(i.HTS221_Get_Humidity) refers to hts221_driver.o(i.HTS221_ReadReg) for HTS221_ReadReg
    hts221_driver.o(i.HTS221_Get_Humidity) refers to fflti.o(.text) for __aeabi_i2f
    hts221_driver.o(i.HTS221_Get_Humidity) refers to fmul.o(.text) for __aeabi_fmul
    hts221_driver.o(i.HTS221_Get_Humidity) refers to fdiv.o(.text) for __aeabi_fdiv
    hts221_driver.o(i.HTS221_Get_Humidity) refers to fadd.o(.text) for __aeabi_fadd
    hts221_driver.o(i.HTS221_Get_Humidity) refers to ffixui.o(.text) for __aeabi_f2uiz
    hts221_driver.o(i.HTS221_Get_HumidityRaw) refers to hts221_driver.o(i.HTS221_ReadReg) for HTS221_ReadReg
    hts221_driver.o(i.HTS221_Get_InitConfig) refers to hts221_driver.o(i.HTS221_ReadReg) for HTS221_ReadReg
    hts221_driver.o(i.HTS221_Get_IrqActiveLevel) refers to hts221_driver.o(i.HTS221_ReadReg) for HTS221_ReadReg
    hts221_driver.o(i.HTS221_Get_IrqEnable) refers to hts221_driver.o(i.HTS221_ReadReg) for HTS221_ReadReg
    hts221_driver.o(i.HTS221_Get_IrqOutputType) refers to hts221_driver.o(i.HTS221_ReadReg) for HTS221_ReadReg
    hts221_driver.o(i.HTS221_Get_Measurement) refers to hts221_driver.o(i.HTS221_Get_Temperature) for HTS221_Get_Temperature
    hts221_driver.o(i.HTS221_Get_Measurement) refers to hts221_driver.o(i.HTS221_Get_Humidity) for HTS221_Get_Humidity
    hts221_driver.o(i.HTS221_Get_Odr) refers to hts221_driver.o(i.HTS221_ReadReg) for HTS221_ReadReg
    hts221_driver.o(i.HTS221_Get_PowerDownMode) refers to hts221_driver.o(i.HTS221_ReadReg) for HTS221_ReadReg
    hts221_driver.o(i.HTS221_Get_RawMeasurement) refers to hts221_driver.o(i.HTS221_ReadReg) for HTS221_ReadReg
    hts221_driver.o(i.HTS221_Get_Temperature) refers to hts221_driver.o(i.HTS221_ReadReg) for HTS221_ReadReg
    hts221_driver.o(i.HTS221_Get_Temperature) refers to fflti.o(.text) for __aeabi_i2f
    hts221_driver.o(i.HTS221_Get_Temperature) refers to fmul.o(.text) for __aeabi_fmul
    hts221_driver.o(i.HTS221_Get_Temperature) refers to fdiv.o(.text) for __aeabi_fdiv
    hts221_driver.o(i.HTS221_Get_Temperature) refers to fadd.o(.text) for __aeabi_fadd
    hts221_driver.o(i.HTS221_Get_Temperature) refers to ffixi.o(.text) for __aeabi_f2iz
    hts221_driver.o(i.HTS221_Get_TemperatureRaw) refers to hts221_driver.o(i.HTS221_ReadReg) for HTS221_ReadReg
    hts221_driver.o(i.HTS221_IsMeasurementCompleted) refers to hts221_driver.o(i.HTS221_ReadReg) for HTS221_ReadReg
    hts221_driver.o(i.HTS221_MemoryBoot) refers to hts221_driver.o(i.HTS221_ReadReg) for HTS221_ReadReg
    hts221_driver.o(i.HTS221_MemoryBoot) refers to hts221_driver.o(i.HTS221_WriteReg) for HTS221_WriteReg
    hts221_driver.o(i.HTS221_ReadReg) refers to x_nucleo_iks01a2.o(i.Sensor_IO_Read) for Sensor_IO_Read
    hts221_driver.o(i.HTS221_Set_AvgH) refers to hts221_driver.o(i.HTS221_assert_failed) for HTS221_assert_failed
    hts221_driver.o(i.HTS221_Set_AvgH) refers to hts221_driver.o(i.HTS221_ReadReg) for HTS221_ReadReg
    hts221_driver.o(i.HTS221_Set_AvgH) refers to hts221_driver.o(i.HTS221_WriteReg) for HTS221_WriteReg
    hts221_driver.o(i.HTS221_Set_AvgHT) refers to hts221_driver.o(i.HTS221_assert_failed) for HTS221_assert_failed
    hts221_driver.o(i.HTS221_Set_AvgHT) refers to hts221_driver.o(i.HTS221_ReadReg) for HTS221_ReadReg
    hts221_driver.o(i.HTS221_Set_AvgHT) refers to hts221_driver.o(i.HTS221_WriteReg) for HTS221_WriteReg
    hts221_driver.o(i.HTS221_Set_AvgT) refers to hts221_driver.o(i.HTS221_assert_failed) for HTS221_assert_failed
    hts221_driver.o(i.HTS221_Set_AvgT) refers to hts221_driver.o(i.HTS221_ReadReg) for HTS221_ReadReg
[...]
    0x080008c0   0x080008c0   0x00000022   Code   RO        11100    .text               mc_p.l(llushr.o)
    0x080008e2   0x080008e2   0x00000026   Code   RO        11102    .text               mc_p.l(llsshr.o)
    0x08000908   0x08000908   0x00000000   Code   RO        11104    .text               mc_p.l(iusefp.o)
    0x08000908   0x08000908   0x00000082   Code   RO        11105    .text               mf_p.l(fepilogue.o)
    0x0800098a   0x0800098a   0x000000be   Code   RO        11107    .text               mf_p.l(depilogue.o)
    0x08000a48   0x08000a48   0x0000007c   Code   RO        11111    .text               mf_p.l(drnd.o)
    0x08000ac4   0x08000ac4   0x00000040   Code   RO        11113    .text               mf_p.l(dfixul.o)
    0x08000b04   0x08000b04   0x00000028   Code   RO        11115    .text               mf_p.l(cdcmple.o)
    0x08000b2c   0x08000b2c   0x00000024   Code   RO        11117    .text               mc_p.l(init.o)
    0x08000b50   0x08000b50   0x00000000   Code   RO        11119    .text               mc_p.l(semi.o)
    0x08000b50   0x08000b50   0x00000000   Code   RO        11120    .text               mc_p.l(iusesemip.o)
    0x08000b50   0x08000b50   0x00000056   Code   RO        11129    .text               mc_p.l(__dczerorl2.o)
    0x08000ba6   0x08000ba6   0x00000002   PAD
    0x08000ba8   0x08000ba8   0x00000024   Code   RO         3493    i.ADC_DelayMicroSecond  stm32l0xx_hal_adc.o
    0x08000bcc   0x08000bcc   0x00000064   Code   RO         3495    i.ADC_Enable        stm32l0xx_hal_adc.o
    0x08000c30   0x08000c30   0x0000013c   Code   RO        10624    i.AES_CMAC_Final    cmac.o
    0x08000d6c   0x08000d6c   0x00000020   Code   RO        10625    i.AES_CMAC_Init     cmac.o
    0x08000d8c   0x08000d8c   0x00000010   Code   RO        10626    i.AES_CMAC_SetKey   cmac.o
    0x08000d9c   0x08000d9c   0x000000be   Code   RO        10627    i.AES_CMAC_Update   cmac.o
    0x08000e5a   0x08000e5a   0x00000002   PAD
    0x08000e5c   0x08000e5c   0x00000050   Code   RO         6923    i.AckTimeoutRetriesProcess  loramac.o
    0x08000eac   0x08000eac   0x00000070   Code   RO         2197    i.BSP_HTS221_HUMIDITY_Init  x_nucleo_iks01a2_humidity.o
    0x08000f1c   0x08000f1c   0x00000074   Code   RO         2529    i.BSP_HTS221_TEMPERATURE_Init  x_nucleo_iks01a2_temperature.o
    0x08000f90   0x08000f90   0x00000020   Code   RO         2201    i.BSP_HUMIDITY_Get_Hum  x_nucleo_iks01a2_humidity.o
    0x08000fb0   0x08000fb0   0x00000014   Code   RO         2205    i.BSP_HUMIDITY_Init  x_nucleo_iks01a2_humidity.o
    0x08000fc4   0x08000fc4   0x0000001c   Code   RO         2211    i.BSP_HUMIDITY_Sensor_Enable  x_nucleo_iks01a2_humidity.o
    0x08000fe0   0x08000fe0   0x00000064   Code   RO         2816    i.BSP_LED_Init      b-l072z-lrwan1.o
    0x08001044   0x08001044   0x00000020   Code   RO         2817    i.BSP_LED_Off       b-l072z-lrwan1.o
    0x08001064   0x08001064   0x00000020   Code   RO         2818    i.BSP_LED_On        b-l072z-lrwan1.o
    0x08001084   0x08001084   0x0000007c   Code   RO         2332    i.BSP_LPS22HB_PRESSURE_Init  x_nucleo_iks01a2_pressure.o
    0x08001100   0x08001100   0x00000084   Code   RO         2530    i.BSP_LPS22HB_TEMPERATURE_Init  x_nucleo_iks01a2_temperature.o
    0x08001184   0x08001184   0x00000020   Code   RO         2349    i.BSP_PRESSURE_Get_Press  x_nucleo_iks01a2_pressure.o
    0x080011a4   0x080011a4   0x00000014   Code   RO         2351    i.BSP_PRESSURE_Init  x_nucleo_iks01a2_pressure.o
    0x080011b8   0x080011b8   0x0000001c   Code   RO         2357    i.BSP_PRESSURE_Sensor_Enable  x_nucleo_iks01a2_pressure.o
    0x080011d4   0x080011d4   0x00000020   Code   RO         2547    i.BSP_TEMPERATURE_Get_Temp  x_nucleo_iks01a2_temperature.o
    0x080011f4   0x080011f4   0x00000030   Code   RO         2549    i.BSP_TEMPERATURE_Init  x_nucleo_iks01a2_temperature.o
    0x08001224   0x08001224   0x0000001c   Code   RO         2555    i.BSP_TEMPERATURE_Sensor_Enable  x_nucleo_iks01a2_temperature.o
    0x08001240   0x08001240   0x0000003c   Code   RO         6030    i.BSP_sensor_Init   bsp.o
    0x0800127c   0x0800127c   0x00000048   Code   RO         6031    i.BSP_sensor_Read   bsp.o
    0x080012c4   0x080012c4   0x000000ae   Code   RO         8083    i.CalcNextV10X      loramacadr.o
    0x08001372   0x08001372   0x00000002   PAD
    0x08001374   0x08001374   0x0000007c   Code   RO         6924    i.CalculateBackOff  loramac.o
    0x080013f0   0x080013f0   0x00000018   Code   RO         6925    i.CallNvmCtxCallback  loramac.o
    0x08001408   0x08001408   0x00000054   Code   RO         7298    i.CheckFCntDown     loramaccrypto.o
    0x0800145c   0x0800145c   0x00000064   Code   RO        10665    i.ComputeCmac       soft-se.o
    0x080014c0   0x080014c0   0x00000066   Code   RO         7299    i.ComputeCmacB0     loramaccrypto.o
    0x08001526   0x08001526   0x00000068   Code   RO         7300    i.ComputeCmacB1     loramaccrypto.o
    0x0800158e   0x0800158e   0x0000009e   Code   RO         8272    i.CountNbOfEnabledChannels  regionas923.o
    0x0800162c   0x0800162c   0x00000060   Code   RO         6068    i.DBG_Init          debug.o
    0x0800168c   0x0800168c   0x00000008   Code   RO         6677    i.DMA1_Channel4_5_6_7_IRQHandler  mlm32l0xx_it.o
    0x08001694   0x08001694   0x0000001e   Code   RO         4224    i.DMA_SetConfig     stm32l0xx_hal_dma.o
    0x080016b2   0x080016b2   0x00000002   PAD
    0x080016b4   0x080016b4   0x00000054   Code   RO         7301    i.DeriveLifeTimeSessionKey  loramaccrypto.o
    0x08001708   0x08001708   0x0000007c   Code   RO         7302    i.DeriveSessionKey10x  loramaccrypto.o
    0x08001784   0x08001784   0x00000088   Code   RO         7303    i.DeriveSessionKey11x  loramaccrypto.o
    0x0800180c   0x0800180c   0x00000044   Code   RO         6926    i.DetermineFrameType  loramac.o
    0x08001850   0x08001850   0x00000002   Code   RO         7304    i.DummyCB           loramaccrypto.o
    0x08001852   0x08001852   0x00000002   Code   RO        10666    i.DummyCB           soft-se.o
    0x08001854   0x08001854   0x00000010   Code   RO         6679    i.EXTI0_1_IRQHandler  mlm32l0xx_it.o
    0x08001864   0x08001864   0x00000010   Code   RO         6680    i.EXTI2_3_IRQHandler  mlm32l0xx_it.o
    0x08001874   0x08001874   0x0000005c   Code   RO         6681    i.EXTI4_15_IRQHandler  mlm32l0xx_it.o
    0x080018d0   0x080018d0   0x00000018   Code   RO         6069    i.Error_Handler     debug.o
    0x080018e8   0x080018e8   0x0000000a   Code   RO         6927    i.EventClassBNvmCtxChanged  loramac.o
    0x080018f2   0x080018f2   0x0000000a   Code   RO         6928    i.EventCommandsNvmCtxChanged  loramac.o
    0x080018fc   0x080018fc   0x0000000a   Code   RO         6929    i.EventConfirmQueueNvmCtxChanged  loramac.o
    0x08001906   0x08001906   0x0000000a   Code   RO         6930    i.EventCryptoNvmCtxChanged  loramac.o
    0x08001910   0x08001910   0x0000000a   Code   RO         6931    i.EventFCntHandlerNvmCtxChanged  loramac.o
    0x0800191a   0x0800191a   0x0000000a   Code   RO         6932    i.EventSecureElementNvmCtxChanged  loramac.o
    0x08001924   0x08001924   0x0000009c   Code   RO         7305    i.FOptsEncrypt      loramaccrypto.o
    0x080019c0   0x080019c0   0x00000024   Code   RO         8273    i.GetBandwidth      regionas923.o
    0x080019e4   0x080019e4   0x00000070   Code   RO         6933    i.GetCtxs           loramac.o
    0x08001a54   0x08001a54   0x0000001c   Code   RO         7811    i.GetElement        loramacconfirmqueue.o
    0x08001a70   0x08001a70   0x0000002c   Code   RO         1709    i.GetFskBandwidthRegValue  sx1276.o
    0x08001a9c   0x08001a9c   0x00000028   Code   RO         7306    i.GetKeyAddrItem    loramaccrypto.o
    0x08001ac4   0x08001ac4   0x0000003c   Code   RO        10667    i.GetKeyByID        soft-se.o
    0x08001b00   0x08001b00   0x00000030   Code   RO         6934    i.GetMaxAppPayloadWithoutFOptsLength  loramac.o
    0x08001b30   0x08001b30   0x00000010   Code   RO         8274    i.GetNextLowerTxDr  regionas923.o
    0x08001b40   0x08001b40   0x000000aa   Code   RO         5483    i.HAL_ADCEx_Calibration_Start  stm32l0xx_hal_adc_ex.o
    0x08001bea   0x08001bea   0x00000002   PAD
    0x08001bec   0x08001bec   0x00000094   Code   RO         3497    i.HAL_ADC_ConfigChannel  stm32l0xx_hal_adc.o
    0x08001c80   0x08001c80   0x00000006   Code   RO         3504    i.HAL_ADC_GetValue  stm32l0xx_hal_adc.o
    0x08001c86   0x08001c86   0x00000002   PAD
    0x08001c88   0x08001c88   0x000001c4   Code   RO         3506    i.HAL_ADC_Init      stm32l0xx_hal_adc.o
    0x08001e4c   0x08001e4c   0x00000002   Code   RO         3509    i.HAL_ADC_MspInit   stm32l0xx_hal_adc.o
    0x08001e4e   0x08001e4e   0x000000be   Code   RO         3510    i.HAL_ADC_PollForConversion  stm32l0xx_hal_adc.o
    0x08001f0c   0x08001f0c   0x0000005c   Code   RO         3512    i.HAL_ADC_Start     stm32l0xx_hal_adc.o
    0x08001f68   0x08001f68   0x00000010   Code   RO         3897    i.HAL_DBGMCU_DisableDBGSleepMode  stm32l0xx_hal.o
    0x08001f78   0x08001f78   0x00000010   Code   RO         3898    i.HAL_DBGMCU_DisableDBGStandbyMode  stm32l0xx_hal.o
    0x08001f88   0x08001f88   0x00000010   Code   RO         3899    i.HAL_DBGMCU_DisableDBGStopMode  stm32l0xx_hal.o
    0x08001f98   0x08001f98   0x00000098   Code   RO         4226    i.HAL_DMA_Abort_IT  stm32l0xx_hal_dma.o
    0x08002030   0x08002030   0x00000280   Code   RO         4230    i.HAL_DMA_IRQHandler  stm32l0xx_hal_dma.o
    0x080022b0   0x080022b0   0x00000108   Code   RO         4231    i.HAL_DMA_Init      stm32l0xx_hal_dma.o
    0x080023b8   0x080023b8   0x0000004e   Code   RO         4234    i.HAL_DMA_Start_IT  stm32l0xx_hal_dma.o
    0x08002406   0x08002406   0x0000000a   Code   RO         6510    i.HAL_Delay         mlm32l0xx_hal_msp.o
    0x08002410   0x08002410   0x00000008   Code   RO         6511    i.HAL_GPIO_EXTI_Callback  mlm32l0xx_hal_msp.o
    0x08002418   0x08002418   0x00000018   Code   RO         4164    i.HAL_GPIO_EXTI_IRQHandler  stm32l0xx_hal_gpio.o
    0x08002430   0x08002430   0x00000184   Code   RO         4165    i.HAL_GPIO_Init     stm32l0xx_hal_gpio.o
    0x080025b4   0x080025b4   0x0000000c   Code   RO         4169    i.HAL_GPIO_WritePin  stm32l0xx_hal_gpio.o
    0x080025c0   0x080025c0   0x0000000c   Code   RO         3908    i.HAL_GetTick       stm32l0xx_hal.o
    0x080025cc   0x080025cc   0x00000034   Code   RO         5601    i.HAL_I2C_DeInit    stm32l0xx_hal_i2c.o
    0x08002600   0x08002600   0x00000006   Code   RO         5609    i.HAL_I2C_GetState  stm32l0xx_hal_i2c.o
    0x08002606   0x08002606   0x00000002   PAD
    0x08002608   0x08002608   0x000000b4   Code   RO         5610    i.HAL_I2C_Init      stm32l0xx_hal_i2c.o
    0x080026bc   0x080026bc   0x0000015c   Code   RO         5626    i.HAL_I2C_Mem_Read  stm32l0xx_hal_i2c.o
    0x08002818   0x08002818   0x00000154   Code   RO         5629    i.HAL_I2C_Mem_Write  stm32l0xx_hal_i2c.o
    0x0800296c   0x0800296c   0x00000002   Code   RO         5632    i.HAL_I2C_MspDeInit  stm32l0xx_hal_i2c.o
    0x0800296e   0x0800296e   0x00000002   Code   RO         5633    i.HAL_I2C_MspInit   stm32l0xx_hal_i2c.o
    0x08002970   0x08002970   0x00000010   Code   RO         3909    i.HAL_IncTick       stm32l0xx_hal.o
    0x08002980   0x08002980   0x00000020   Code   RO         3910    i.HAL_Init          stm32l0xx_hal.o
    0x080029a0   0x080029a0   0x00000004   Code   RO         6512    i.HAL_InitTick      mlm32l0xx_hal_msp.o
    0x080029a4   0x080029a4   0x00000030   Code   RO         6513    i.HAL_MspInit       mlm32l0xx_hal_msp.o
    0x080029d4   0x080029d4   0x00000018   Code   RO         4065    i.HAL_NVIC_EnableIRQ  stm32l0xx_hal_cortex.o
    0x080029ec   0x080029ec   0x00000008   Code   RO         4069    i.HAL_NVIC_SetPriority  stm32l0xx_hal_cortex.o
    0x080029f4   0x080029f4   0x00000010   Code   RO         4422    i.HAL_PWREx_EnableFastWakeUp  stm32l0xx_hal_pwr_ex.o
    0x08002a04   0x08002a04   0x00000010   Code   RO         4424    i.HAL_PWREx_EnableUltraLowPower  stm32l0xx_hal_pwr_ex.o
    0x08002a14   0x08002a14   0x00000010   Code   RO         4306    i.HAL_PWR_DisablePVD  stm32l0xx_hal_pwr.o
    0x08002a24   0x08002a24   0x000001c0   Code   RO         3782    i.HAL_RCCEx_GetPeriphCLKFreq  stm32l0xx_hal_rcc_ex.o
    0x08002be4   0x08002be4   0x0000018c   Code   RO         3785    i.HAL_RCCEx_PeriphCLKConfig  stm32l0xx_hal_rcc_ex.o
    0x08002d70   0x08002d70   0x00000168   Code   RO         3671    i.HAL_RCC_ClockConfig  stm32l0xx_hal_rcc.o
    0x08002ed8   0x08002ed8   0x00000020   Code   RO         3677    i.HAL_RCC_GetPCLK1Freq  stm32l0xx_hal_rcc.o
    0x08002ef8   0x08002ef8   0x00000020   Code   RO         3678    i.HAL_RCC_GetPCLK2Freq  stm32l0xx_hal_rcc.o
    0x08002f18   0x08002f18   0x00000078   Code   RO         3679    i.HAL_RCC_GetSysClockFreq  stm32l0xx_hal_rcc.o
    0x08002f90   0x08002f90   0x0000045c   Code   RO         3682    i.HAL_RCC_OscConfig  stm32l0xx_hal_rcc.o
    0x080033ec   0x080033ec   0x0000000c   Code   RO         4609    i.HAL_RTCEx_BKUPRead  stm32l0xx_hal_rtc_ex.o
    0x080033f8   0x080033f8   0x0000000c   Code   RO         4610    i.HAL_RTCEx_BKUPWrite  stm32l0xx_hal_rtc_ex.o
    0x08003404   0x08003404   0x0000003c   Code   RO         4617    i.HAL_RTCEx_EnableBypassShadow  stm32l0xx_hal_rtc_ex.o
    0x08003440   0x08003440   0x00000008   Code   RO         6514    i.HAL_RTC_AlarmAEventCallback  mlm32l0xx_hal_msp.o
    0x08003448   0x08003448   0x000000b8   Code   RO         4478    i.HAL_RTC_DeactivateAlarm  stm32l0xx_hal_rtc.o
    0x08003500   0x08003500   0x00000044   Code   RO         4480    i.HAL_RTC_GetDate   stm32l0xx_hal_rtc.o
    0x08003544   0x08003544   0x0000005c   Code   RO         4482    i.HAL_RTC_GetTime   stm32l0xx_hal_rtc.o
    0x080035a0   0x080035a0   0x000000a4   Code   RO         4483    i.HAL_RTC_Init      stm32l0xx_hal_rtc.o
    0x08003644   0x08003644   0x0000005c   Code   RO         6516    i.HAL_RTC_MspInit   mlm32l0xx_hal_msp.o
    0x080036a0   0x080036a0   0x000001a0   Code   RO         4488    i.HAL_RTC_SetAlarm_IT  stm32l0xx_hal_rtc.o
    0x08003840   0x08003840   0x000000cc   Code   RO         4489    i.HAL_RTC_SetDate   stm32l0xx_hal_rtc.o
    0x0800390c   0x0800390c   0x000000f0   Code   RO         4490    i.HAL_RTC_SetTime   stm32l0xx_hal_rtc.o
    0x080039fc   0x080039fc   0x00000034   Code   RO         4491    i.HAL_RTC_WaitForSynchro  stm32l0xx_hal_rtc.o
    0x08003a30   0x08003a30   0x00000084   Code   RO         2920    i.HAL_SPI_Init      stm32l0xx_hal_spi.o
    0x08003ab4   0x08003ab4   0x00000002   Code   RO         2922    i.HAL_SPI_MspInit   stm32l0xx_hal_spi.o
    0x08003ab6   0x08003ab6   0x000002b8   Code   RO         2929    i.HAL_SPI_TransmitReceive  stm32l0xx_hal_spi.o
    0x08003d6e   0x08003d6e   0x00000002   Code   RO         5544    i.HAL_UARTEx_WakeupCallback  stm32l0xx_hal_uart_ex.o
    0x08003d70   0x08003d70   0x00000002   Code   RO         3169    i.HAL_UART_ErrorCallback  stm32l0xx_hal_uart.o
    0x08003d72   0x08003d72   0x00000002   PAD
    0x08003d74   0x08003d74   0x00000144   Code   RO         3172    i.HAL_UART_IRQHandler  stm32l0xx_hal_uart.o
    0x08003eb8   0x08003eb8   0x0000006c   Code   RO         3173    i.HAL_UART_Init     stm32l0xx_hal_uart.o
    0x08003f24   0x08003f24   0x00000090   Code   RO         6434    i.HAL_UART_MspInit  vcom.o
    0x08003fb4   0x08003fb4   0x00000002   Code   RO         3179    i.HAL_UART_RxCpltCallback  stm32l0xx_hal_uart.o
    0x08003fb6   0x08003fb6   0x00000002   PAD
    0x08003fb8   0x08003fb8   0x00000098   Code   RO         3182    i.HAL_UART_Transmit_DMA  stm32l0xx_hal_uart.o
    0x08004050   0x08004050   0x0000000c   Code   RO         6435    i.HAL_UART_TxCpltCallback  vcom.o
    0x0800405c   0x0800405c   0x00000002   Code   RO         3185    i.HAL_UART_TxHalfCpltCallback  stm32l0xx_hal_uart.o
    0x0800405e   0x0800405e   0x00000030   Code   RO            1    i.HTS221_Activate   hts221_driver.o
    0x0800408e   0x0800408e   0x00000026   Code   RO          245    i.HTS221_Check_WhoAmI  hts221_driver_hl.o
    0x080040b4   0x080040b4   0x00000032   Code   RO            2    i.HTS221_DeActivate  hts221_driver.o
    0x080040e6   0x080040e6   0x00000030   Code   RO            6    i.HTS221_Get_DataStatus  hts221_driver.o
    0x08004116   0x08004116   0x00000014   Code   RO            7    i.HTS221_Get_DeviceID  hts221_driver.o
    0x0800412a   0x0800412a   0x00000002   PAD
    0x0800412c   0x0800412c   0x000000d0   Code   RO           10    i.HTS221_Get_Humidity  hts221_driver.o
    0x080041fc   0x080041fc   0x00000048   Code   RO          246    i.HTS221_Get_ODR    hts221_driver_hl.o
    0x08004244   0x08004244   0x00000026   Code   RO           17    i.HTS221_Get_Odr    hts221_driver.o
    0x0800426a   0x0800426a   0x00000002   PAD
    0x0800426c   0x0800426c   0x000000c0   Code   RO           20    i.HTS221_Get_Temperature  hts221_driver.o
    0x0800432c   0x0800432c   0x0000000e   Code   RO          247    i.HTS221_Get_WhoAmI  hts221_driver_hl.o
    0x0800433a   0x0800433a   0x00000008   Code   RO          248    i.HTS221_H_Check_WhoAmI  hts221_driver_hl.o
    0x08004342   0x08004342   0x00000028   Code   RO          249    i.HTS221_H_DeInit   hts221_driver_hl.o
    0x0800436a   0x0800436a   0x00000026   Code   RO          250    i.HTS221_H_Get_DRDY_Status  hts221_driver_hl.o
    0x08004390   0x08004390   0x0000002c   Code   RO          251    i.HTS221_H_Get_Hum  hts221_driver_hl.o
    0x080043bc   0x080043bc   0x00000008   Code   RO          252    i.HTS221_H_Get_ODR  hts221_driver_hl.o
    0x080043c4   0x080043c4   0x00000008   Code   RO          253    i.HTS221_H_Get_WhoAmI  hts221_driver_hl.o
    0x080043cc   0x080043cc   0x0000002a   Code   RO          254    i.HTS221_H_Init     hts221_driver_hl.o
    0x080043f6   0x080043f6   0x0000000e   Code   RO          255    i.HTS221_H_Read_Reg  hts221_driver_hl.o
    0x08004404   0x08004404   0x0000002e   Code   RO          256    i.HTS221_H_Sensor_Disable  hts221_driver_hl.o
    0x08004432   0x08004432   0x00000034   Code   RO          257    i.HTS221_H_Sensor_Enable  hts221_driver_hl.o
    0x08004466   0x08004466   0x00000008   Code   RO          258    i.HTS221_H_Set_ODR  hts221_driver_hl.o
    0x0800446e   0x0800446e   0x00000008   Code   RO          259    i.HTS221_H_Set_ODR_Value  hts221_driver_hl.o
    0x08004476   0x08004476   0x0000000e   Code   RO          260    i.HTS221_H_Write_Reg  hts221_driver_hl.o
    0x08004484   0x08004484   0x00000032   Code   RO          261    i.HTS221_Init       hts221_driver_hl.o
    0x080044b6   0x080044b6   0x0000001c   Code   RO           24    i.HTS221_ReadReg    hts221_driver.o
    0x080044d2   0x080044d2   0x00000012   Code   RO          262    i.HTS221_Read_Reg   hts221_driver_hl.o
    0x080044e4   0x080044e4   0x0000000e   Code   RO          263    i.HTS221_Sensor_Disable  hts221_driver_hl.o
    0x080044f2   0x080044f2   0x0000000e   Code   RO          264    i.HTS221_Sensor_Enable  hts221_driver_hl.o
    0x08004500   0x08004500   0x0000008c   Code   RO           28    i.HTS221_Set_BduMode  hts221_driver.o
    0x0800458c   0x0800458c   0x00000026   Code   RO          265    i.HTS221_Set_ODR    hts221_driver_hl.o
    0x080045b2   0x080045b2   0x00000002   PAD
    0x080045b4   0x080045b4   0x0000002c   Code   RO          266    i.HTS221_Set_ODR_Value  hts221_driver_hl.o
    0x080045e0   0x080045e0   0x00000090   Code   RO           34    i.HTS221_Set_Odr    hts221_driver.o
    0x08004670   0x08004670   0x00000008   Code   RO          267    i.HTS221_T_Check_WhoAmI  hts221_driver_hl.o
    0x08004678   0x08004678   0x00000028   Code   RO          268    i.HTS221_T_DeInit   hts221_driver_hl.o
    0x080046a0   0x080046a0   0x00000026   Code   RO          269    i.HTS221_T_Get_DRDY_Status  hts221_driver_hl.o
    0x080046c6   0x080046c6   0x00000008   Code   RO          270    i.HTS221_T_Get_ODR  hts221_driver_hl.o
    0x080046ce   0x080046ce   0x00000002   PAD
    0x080046d0   0x080046d0   0x0000002c   Code   RO          271    i.HTS221_T_Get_Temp  hts221_driver_hl.o
    0x080046fc   0x080046fc   0x00000008   Code   RO          272    i.HTS221_T_Get_WhoAmI  hts221_driver_hl.o
    0x08004704   0x08004704   0x0000002a   Code   RO          273    i.HTS221_T_Init     hts221_driver_hl.o
    0x0800472e   0x0800472e   0x0000000e   Code   RO          274    i.HTS221_T_Read_Reg  hts221_driver_hl.o
    0x0800473c   0x0800473c   0x0000002e   Code   RO          275    i.HTS221_T_Sensor_Disable  hts221_driver_hl.o
    0x0800476a   0x0800476a   0x00000034   Code   RO          276    i.HTS221_T_Sensor_Enable  hts221_driver_hl.o
    0x0800479e   0x0800479e   0x00000008   Code   RO          277    i.HTS221_T_Set_ODR  hts221_driver_hl.o
    0x080047a6   0x080047a6   0x00000008   Code   RO          278    i.HTS221_T_Set_ODR_Value  hts221_driver_hl.o
    0x080047ae   0x080047ae   0x0000000e   Code   RO          279    i.HTS221_T_Write_Reg  hts221_driver_hl.o
    0x080047bc   0x080047bc   0x0000001c   Code   RO           37    i.HTS221_WriteReg   hts221_driver.o
    0x080047d8   0x080047d8   0x00000012   Code   RO          280    i.HTS221_Write_Reg  hts221_driver_hl.o
    0x080047ea   0x080047ea   0x00000002   PAD
    0x080047ec   0x080047ec   0x0000003c   Code   RO           38    i.HTS221_assert_failed  hts221_driver.o
    0x08004828   0x08004828   0x0000005c   Code   RO         6573    i.HW_AdcInit        mlm32l0xx_hw.o
    0x08004884   0x08004884   0x00000094   Code   RO         6574    i.HW_AdcReadChannel  mlm32l0xx_hw.o
    0x08004918   0x08004918   0x00000038   Code   RO         6094    i.HW_GPIO_GetBitPos  hw_gpio.o
    0x08004950   0x08004950   0x00000054   Code   RO         6095    i.HW_GPIO_Init      hw_gpio.o
    0x080049a4   0x080049a4   0x0000001c   Code   RO         6096    i.HW_GPIO_IrqHandler  hw_gpio.o
    0x080049c0   0x080049c0   0x0000003c   Code   RO         6098    i.HW_GPIO_SetIrq    hw_gpio.o
    0x080049fc   0x080049fc   0x0000000a   Code   RO         6099    i.HW_GPIO_Write     hw_gpio.o
    0x08004a06   0x08004a06   0x00000002   PAD
    0x08004a08   0x08004a08   0x00000050   Code   RO         6576    i.HW_GetBatteryLevel  mlm32l0xx_hw.o
    0x08004a58   0x08004a58   0x00000014   Code   RO         6577    i.HW_GetRandomSeed  mlm32l0xx_hw.o
    0x08004a6c   0x08004a6c   0x00000058   Code   RO         6578    i.HW_GetTemperatureLevel  mlm32l0xx_hw.o
    0x08004ac4   0x08004ac4   0x00000044   Code   RO         6579    i.HW_GetUniqueId    mlm32l0xx_hw.o
    0x08004b08   0x08004b08   0x000000b0   Code   RO         6580    i.HW_GpioInit       mlm32l0xx_hw.o
    0x08004bb8   0x08004bb8   0x0000004c   Code   RO         6581    i.HW_Init           mlm32l0xx_hw.o
    0x08004c04   0x08004c04   0x00000020   Code   RO         6145    i.HW_RTC_BKUPRead   hw_rtc.o
    0x08004c24   0x08004c24   0x00000020   Code   RO         6146    i.HW_RTC_BKUPWrite  hw_rtc.o
    0x08004c44   0x08004c44   0x00000026   Code   RO         6147    i.HW_RTC_DelayMs    hw_rtc.o
    0x08004c6a   0x08004c6a   0x00000020   Code   RO         6148    i.HW_RTC_GetCalendarTime  hw_rtc.o
    0x08004c8a   0x08004c8a   0x00000002   PAD
    0x08004c8c   0x08004c8c   0x000000ac   Code   RO         6149    i.HW_RTC_GetCalendarValue  hw_rtc.o
    0x08004d38   0x08004d38   0x00000004   Code   RO         6150    i.HW_RTC_GetMinimumTimeout  hw_rtc.o
    0x08004d3c   0x08004d3c   0x0000000c   Code   RO         6151    i.HW_RTC_GetTimerContext  hw_rtc.o
    0x08004d48   0x08004d48   0x0000001c   Code   RO         6152    i.HW_RTC_GetTimerElapsedTime  hw_rtc.o
    0x08004d64   0x08004d64   0x00000010   Code   RO         6153    i.HW_RTC_GetTimerValue  hw_rtc.o
    0x08004d74   0x08004d74   0x0000002c   Code   RO         6154    i.HW_RTC_Init       hw_rtc.o
    0x08004da0   0x08004da0   0x00000040   Code   RO         6155    i.HW_RTC_IrqHandler  hw_rtc.o
    0x08004de0   0x08004de0   0x0000003c   Code   RO         6156    i.HW_RTC_SetAlarm   hw_rtc.o
    0x08004e1c   0x08004e1c   0x00000060   Code   RO         6157    i.HW_RTC_SetConfig  hw_rtc.o
    0x08004e7c   0x08004e7c   0x00000018   Code   RO         6158    i.HW_RTC_SetTimerContext  hw_rtc.o
    0x08004e94   0x08004e94   0x00000118   Code   RO         6159    i.HW_RTC_StartWakeUpAlarm  hw_rtc.o
    0x08004fac   0x08004fac   0x0000002c   Code   RO         6160    i.HW_RTC_StopAlarm  hw_rtc.o
    0x08004fd8   0x08004fd8   0x00000014   Code   RO         6161    i.HW_RTC_Tick2ms    hw_rtc.o
    0x08004fec   0x08004fec   0x00000010   Code   RO         6163    i.HW_RTC_ms2Tick    hw_rtc.o
    0x08004ffc   0x08004ffc   0x00000020   Code   RO         6299    i.HW_SPI_InOut      hw_spi.o
    0x0800501c   0x0800501c   0x00000084   Code   RO         6300    i.HW_SPI_Init       hw_spi.o
    0x080050a0   0x080050a0   0x00000060   Code   RO         6302    i.HW_SPI_IoInit     hw_spi.o
    0x08005100   0x08005100   0x00000104   Code   RO         6935    i.HandleRadioRxErrorTimeout  loramac.o
    0x08005204   0x08005204   0x00000004   Code   RO         6682    i.HardFault_Handler  mlm32l0xx_it.o
    0x08005208   0x08005208   0x00000014   Code   RO         2123    i.I2C_EXPBD_Error   x_nucleo_iks01a2.o
    0x0800521c   0x0800521c   0x00000048   Code   RO         2124    i.I2C_EXPBD_Init    x_nucleo_iks01a2.o
    0x08005264   0x08005264   0x00000064   Code   RO         2125    i.I2C_EXPBD_MspInit  x_nucleo_iks01a2.o
    0x080052c8   0x080052c8   0x00000022   Code   RO         5652    i.I2C_Flush_TXDR    stm32l0xx_hal_i2c.o
    0x080052ea   0x080052ea   0x00000002   PAD
    0x080052ec   0x080052ec   0x00000074   Code   RO         5660    i.I2C_IsAcknowledgeFailed  stm32l0xx_hal_i2c.o
    0x08005360   0x08005360   0x0000006c   Code   RO         5663    i.I2C_RequestMemoryRead  stm32l0xx_hal_i2c.o
    0x080053cc   0x080053cc   0x0000006c   Code   RO         5664    i.I2C_RequestMemoryWrite  stm32l0xx_hal_i2c.o
    0x08005438   0x08005438   0x00000028   Code   RO         5667    i.I2C_TransferConfig  stm32l0xx_hal_i2c.o
    0x08005460   0x08005460   0x00000048   Code   RO         5668    i.I2C_WaitOnFlagUntilTimeout  stm32l0xx_hal_i2c.o
    0x080054a8   0x080054a8   0x0000004e   Code   RO         5670    i.I2C_WaitOnSTOPFlagUntilTimeout  stm32l0xx_hal_i2c.o
    0x080054f6   0x080054f6   0x00000052   Code   RO         5671    i.I2C_WaitOnTXISFlagUntilTimeout  stm32l0xx_hal_i2c.o
    0x08005548   0x08005548   0x00000018   Code   RO         7812    i.IncreaseBufferPointer  loramacconfirmqueue.o
    0x08005560   0x08005560   0x00000044   Code   RO         6344    i.LORA_ConfirmClass  main.o
    0x080055a4   0x080055a4   0x0000000a   Code   RO         6345    i.LORA_HasJoined    main.o
    0x080055ae   0x080055ae   0x00000002   PAD
    0x080055b0   0x080055b0   0x000001e8   Code   RO         6784    i.LORA_Init         lora.o
    0x08005798   0x08005798   0x000000bc   Code   RO         6785    i.LORA_Join         lora.o
    0x08005854   0x08005854   0x0000001c   Code   RO         6786    i.LORA_JoinStatus   lora.o
    0x08005870   0x08005870   0x0000007c   Code   RO         6787    i.LORA_RequestClass  lora.o
    0x080058ec   0x080058ec   0x000001d0   Code   RO         6346    i.LORA_RxData       main.o
    0x08005abc   0x08005abc   0x00000018   Code   RO         6347    i.LORA_TxNeeded     main.o
    0x08005ad4   0x08005ad4   0x00000080   Code   RO         6788    i.LORA_send         lora.o
    0x08005b54   0x08005b54   0x00000028   Code   RO        10172    i.LPM_GetMode       low_power_manager.o
    0x08005b7c   0x08005b7c   0x00000028   Code   RO        10173    i.LPM_SetOffMode    low_power_manager.o
    0x08005ba4   0x08005ba4   0x00000028   Code   RO        10174    i.LPM_SetStopMode   low_power_manager.o
    0x08005bcc   0x08005bcc   0x00000026   Code   RO          848    i.LPS22HB_Check_WhoAmI  lps22hb_driver_hl.o
    0x08005bf2   0x08005bf2   0x0000001e   Code   RO          849    i.LPS22HB_FIFO_Get_Data  lps22hb_driver_hl.o
    0x08005c10   0x08005c10   0x00000018   Code   RO          850    i.LPS22HB_FIFO_Get_Empty_Status  lps22hb_driver_hl.o
    0x08005c28   0x08005c28   0x00000018   Code   RO          851    i.LPS22HB_FIFO_Get_Fth_Status  lps22hb_driver_hl.o
    0x08005c40   0x08005c40   0x00000018   Code   RO          852    i.LPS22HB_FIFO_Get_Full_Status  lps22hb_driver_hl.o
    0x08005c58   0x08005c58   0x00000018   Code   RO          853    i.LPS22HB_FIFO_Get_Mode  lps22hb_driver_hl.o
    0x08005c70   0x08005c70   0x00000018   Code   RO          854    i.LPS22HB_FIFO_Get_Num_Of_Samples  lps22hb_driver_hl.o
    0x08005c88   0x08005c88   0x00000018   Code   RO          855    i.LPS22HB_FIFO_Get_Ovr_Status  lps22hb_driver_hl.o
    0x08005ca0   0x08005ca0   0x0000000e   Code   RO          856    i.LPS22HB_FIFO_Get_Watermark_Level  lps22hb_driver_hl.o
    0x08005cae   0x08005cae   0x00000030   Code   RO          857    i.LPS22HB_FIFO_Reset_Interrupt  lps22hb_driver_hl.o
    0x08005cde   0x08005cde   0x00000030   Code   RO          858    i.LPS22HB_FIFO_Set_Interrupt  lps22hb_driver_hl.o
    0x08005d0e   0x08005d0e   0x0000002e   Code   RO          859    i.LPS22HB_FIFO_Set_Mode  lps22hb_driver_hl.o
    0x08005d3c   0x08005d3c   0x0000000e   Code   RO          860    i.LPS22HB_FIFO_Set_Watermark_Level  lps22hb_driver_hl.o
    0x08005d4a   0x08005d4a   0x0000001a   Code   RO          861    i.LPS22HB_FIFO_Stop_On_Fth  lps22hb_driver_hl.o
    0x08005d64   0x08005d64   0x0000001a   Code   RO          862    i.LPS22HB_FIFO_Usage  lps22hb_driver_hl.o
    0x08005d7e   0x08005d7e   0x0000001a   Code   RO          863    i.LPS22HB_FIFO_Watermark_Usage  lps22hb_driver_hl.o
    0x08005d98   0x08005d98   0x0000003a   Code   RO          462    i.LPS22HB_Get_DataStatus  lps22hb_driver.o
    0x08005dd2   0x08005dd2   0x00000014   Code   RO          463    i.LPS22HB_Get_DeviceID  lps22hb_driver.o
    0x08005de6   0x08005de6   0x00000026   Code   RO          466    i.LPS22HB_Get_FifoMode  lps22hb_driver.o
    0x08005e0c   0x08005e0c   0x00000046   Code   RO          467    i.LPS22HB_Get_FifoStatus  lps22hb_driver.o
    0x08005e52   0x08005e52   0x00000022   Code   RO          468    i.LPS22HB_Get_FifoWatermarkLevel  lps22hb_driver.o
    0x08005e74   0x08005e74   0x00000064   Code   RO          864    i.LPS22HB_Get_ODR   lps22hb_driver_hl.o
    0x08005ed8   0x08005ed8   0x00000024   Code   RO          474    i.LPS22HB_Get_Odr   lps22hb_driver.o
    0x08005efc   0x08005efc   0x00000028   Code   RO          865    i.LPS22HB_Get_Press  lps22hb_driver_hl.o
    0x08005f24   0x08005f24   0x00000026   Code   RO          476    i.LPS22HB_Get_Pressure  lps22hb_driver.o
    0x08005f4a   0x08005f4a   0x0000003c   Code   RO          479    i.LPS22HB_Get_RawPressure  lps22hb_driver.o
    0x08005f86   0x08005f86   0x00000028   Code   RO          480    i.LPS22HB_Get_RawTemperature  lps22hb_driver.o
    0x08005fae   0x08005fae   0x00000002   PAD
    0x08005fb0   0x08005fb0   0x00000030   Code   RO          866    i.LPS22HB_Get_Temp  lps22hb_driver_hl.o
    0x08005fe0   0x08005fe0   0x00000028   Code   RO          483    i.LPS22HB_Get_Temperature  lps22hb_driver.o
    0x08006008   0x08006008   0x0000000e   Code   RO          867    i.LPS22HB_Get_WhoAmI  lps22hb_driver_hl.o
    0x08006016   0x08006016   0x00000002   PAD
    0x08006018   0x08006018   0x00000064   Code   RO          868    i.LPS22HB_Initialize  lps22hb_driver_hl.o
    0x0800607c   0x0800607c   0x00000008   Code   RO          869    i.LPS22HB_P_Check_WhoAmI  lps22hb_driver_hl.o
    0x08006084   0x08006084   0x00000022   Code   RO          870    i.LPS22HB_P_DeInit  lps22hb_driver_hl.o
    0x080060a6   0x080060a6   0x00000018   Code   RO          871    i.LPS22HB_P_Get_DRDY_Status  lps22hb_driver_hl.o
    0x080060be   0x080060be   0x00000008   Code   RO          872    i.LPS22HB_P_Get_ODR  lps22hb_driver_hl.o
    0x080060c6   0x080060c6   0x00000008   Code   RO          873    i.LPS22HB_P_Get_Press  lps22hb_driver_hl.o
    0x080060ce   0x080060ce   0x00000008   Code   RO          874    i.LPS22HB_P_Get_WhoAmI  lps22hb_driver_hl.o
    0x080060d6   0x080060d6   0x00000026   Code   RO          875    i.LPS22HB_P_Init    lps22hb_driver_hl.o
    0x080060fc   0x080060fc   0x0000000e   Code   RO          876    i.LPS22HB_P_Read_Reg  lps22hb_driver_hl.o
    0x0800610a   0x0800610a   0x0000002a   Code   RO          877    i.LPS22HB_P_Sensor_Disable  lps22hb_driver_hl.o
    0x08006134   0x08006134   0x00000028   Code   RO          878    i.LPS22HB_P_Sensor_Enable  lps22hb_driver_hl.o
    0x0800615c   0x0800615c   0x00000020   Code   RO          879    i.LPS22HB_P_Set_ODR  lps22hb_driver_hl.o
    0x0800617c   0x0800617c   0x00000020   Code   RO          880    i.LPS22HB_P_Set_ODR_Value  lps22hb_driver_hl.o
    0x0800619c   0x0800619c   0x0000000e   Code   RO          881    i.LPS22HB_P_Write_Reg  lps22hb_driver_hl.o
    0x080061aa   0x080061aa   0x00000030   Code   RO          488    i.LPS22HB_ReadReg   lps22hb_driver.o
    0x080061da   0x080061da   0x00000012   Code   RO          882    i.LPS22HB_Read_Reg  lps22hb_driver_hl.o
    0x080061ec   0x080061ec   0x0000004c   Code   RO         2126    i.LPS22HB_Sensor_IO_ITConfig  x_nucleo_iks01a2.o
    0x08006238   0x08006238   0x00000036   Code   RO          493    i.LPS22HB_Set_AutomaticIncrementRegAddress  lps22hb_driver.o
    0x0800626e   0x0800626e   0x0000003a   Code   RO          494    i.LPS22HB_Set_Bdu   lps22hb_driver.o
    0x080062a8   0x080062a8   0x00000036   Code   RO          497    i.LPS22HB_Set_FIFO_FTH_Interrupt  lps22hb_driver.o
    0x080062de   0x080062de   0x00000036   Code   RO          498    i.LPS22HB_Set_FIFO_FULL_Interrupt  lps22hb_driver.o
    0x08006314   0x08006314   0x00000036   Code   RO          499    i.LPS22HB_Set_FIFO_OVR_Interrupt  lps22hb_driver.o
    0x0800634a   0x0800634a   0x00000034   Code   RO          501    i.LPS22HB_Set_FifoMode  lps22hb_driver.o
    0x0800637e   0x0800637e   0x00000036   Code   RO          502    i.LPS22HB_Set_FifoModeUse  lps22hb_driver.o
    0x080063b4   0x080063b4   0x00000034   Code   RO          503    i.LPS22HB_Set_FifoWatermarkLevel  lps22hb_driver.o
    0x080063e8   0x080063e8   0x00000036   Code   RO          504    i.LPS22HB_Set_FifoWatermarkLevelUse  lps22hb_driver.o
    0x0800641e   0x0800641e   0x00000036   Code   RO          512    i.LPS22HB_Set_LowPassFilter  lps22hb_driver.o
    0x08006454   0x08006454   0x00000036   Code   RO          513    i.LPS22HB_Set_LowPassFilterCutoff  lps22hb_driver.o
    0x0800648a   0x0800648a   0x00000002   PAD
    0x0800648c   0x0800648c   0x00000034   Code   RO          883    i.LPS22HB_Set_ODR_Value_When_Disabled  lps22hb_driver_hl.o
    0x080064c0   0x080064c0   0x00000058   Code   RO          884    i.LPS22HB_Set_ODR_Value_When_Enabled  lps22hb_driver_hl.o
    0x08006518   0x08006518   0x00000040   Code   RO          885    i.LPS22HB_Set_ODR_When_Disabled  lps22hb_driver_hl.o
    0x08006558   0x08006558   0x00000042   Code   RO          886    i.LPS22HB_Set_ODR_When_Enabled  lps22hb_driver_hl.o
    0x0800659a   0x0800659a   0x00000036   Code   RO          514    i.LPS22HB_Set_Odr   lps22hb_driver.o
    0x080065d0   0x080065d0   0x00000034   Code   RO          517    i.LPS22HB_Set_PowerMode  lps22hb_driver.o
    0x08006604   0x08006604   0x00000008   Code   RO          887    i.LPS22HB_T_Check_WhoAmI  lps22hb_driver_hl.o
    0x0800660c   0x0800660c   0x00000022   Code   RO          888    i.LPS22HB_T_DeInit  lps22hb_driver_hl.o
    0x0800662e   0x0800662e   0x00000018   Code   RO          889    i.LPS22HB_T_Get_DRDY_Status  lps22hb_driver_hl.o
    0x08006646   0x08006646   0x00000008   Code   RO          890    i.LPS22HB_T_Get_ODR  lps22hb_driver_hl.o
    0x0800664e   0x0800664e   0x00000008   Code   RO          891    i.LPS22HB_T_Get_Temp  lps22hb_driver_hl.o
    0x08006656   0x08006656   0x00000008   Code   RO          892    i.LPS22HB_T_Get_WhoAmI  lps22hb_driver_hl.o
    0x0800665e   0x0800665e   0x00000026   Code   RO          893    i.LPS22HB_T_Init    lps22hb_driver_hl.o
    0x08006684   0x08006684   0x0000000e   Code   RO          894    i.LPS22HB_T_Read_Reg  lps22hb_driver_hl.o
    0x08006692   0x08006692   0x0000002a   Code   RO          895    i.LPS22HB_T_Sensor_Disable  lps22hb_driver_hl.o
    0x080066bc   0x080066bc   0x00000028   Code   RO          896    i.LPS22HB_T_Sensor_Enable  lps22hb_driver_hl.o
    0x080066e4   0x080066e4   0x00000020   Code   RO          897    i.LPS22HB_T_Set_ODR  lps22hb_driver_hl.o
    0x08006704   0x08006704   0x00000020   Code   RO          898    i.LPS22HB_T_Set_ODR_Value  lps22hb_driver_hl.o
    0x08006724   0x08006724   0x0000000e   Code   RO          899    i.LPS22HB_T_Write_Reg  lps22hb_driver_hl.o
    0x08006732   0x08006732   0x00000030   Code   RO          523    i.LPS22HB_WriteReg  lps22hb_driver.o
    0x08006762   0x08006762   0x00000012   Code   RO          900    i.LPS22HB_Write_Reg  lps22hb_driver_hl.o
    0x08006774   0x08006774   0x00000008   Code   RO         8275    i.LimitTxPower      regionas923.o
    0x0800677c   0x0800677c   0x00000012   Code   RO         8084    i.LoRaMacAdrCalcNext  loramacadr.o
    0x0800678e   0x0800678e   0x00000004   Code   RO         7489    i.LoRaMacClassBBeaconFreqReq  loramacclassb.o
    0x08006792   0x08006792   0x00000002   Code   RO         7490    i.LoRaMacClassBBeaconTimerEvent  loramacclassb.o
    0x08006794   0x08006794   0x00000002   Code   RO         7491    i.LoRaMacClassBBeaconTimingAns  loramacclassb.o
    0x08006796   0x08006796   0x00000002   Code   RO         7492    i.LoRaMacClassBDeviceTimeAns  loramacclassb.o
    0x08006798   0x08006798   0x00000008   Code   RO         7493    i.LoRaMacClassBGetNvmCtx  loramacclassb.o
    0x080067a0   0x080067a0   0x00000002   Code   RO         7494    i.LoRaMacClassBHaltBeaconing  loramacclassb.o
    0x080067a2   0x080067a2   0x00000002   Code   RO         7495    i.LoRaMacClassBInit  loramacclassb.o
    0x080067a4   0x080067a4   0x00000004   Code   RO         7496    i.LoRaMacClassBIsAcquisitionInProgress  loramacclassb.o
    0x080067a8   0x080067a8   0x00000004   Code   RO         7498    i.LoRaMacClassBIsBeaconExpected  loramacclassb.o
    0x080067ac   0x080067ac   0x00000004   Code   RO         7499    i.LoRaMacClassBIsBeaconModeActive  loramacclassb.o
    0x080067b0   0x080067b0   0x00000004   Code   RO         7500    i.LoRaMacClassBIsMulticastExpected  loramacclassb.o
    0x080067b4   0x080067b4   0x00000004   Code   RO         7501    i.LoRaMacClassBIsPingExpected  loramacclassb.o
    0x080067b8   0x080067b8   0x00000004   Code   RO         7502    i.LoRaMacClassBIsUplinkCollision  loramacclassb.o
    0x080067bc   0x080067bc   0x00000004   Code   RO         7503    i.LoRaMacClassBMibGetRequestConfirm  loramacclassb.o
    0x080067c0   0x080067c0   0x00000002   Code   RO         7504    i.LoRaMacClassBMulticastSlotTimerEvent  loramacclassb.o
    0x080067c2   0x080067c2   0x00000004   Code   RO         7505    i.LoRaMacClassBPingSlotChannelReq  loramacclassb.o
    0x080067c6   0x080067c6   0x00000002   Code   RO         7506    i.LoRaMacClassBPingSlotInfoAns  loramacclassb.o
    0x080067c8   0x080067c8   0x00000002   Code   RO         7507    i.LoRaMacClassBPingSlotTimerEvent  loramacclassb.o
    0x080067ca   0x080067ca   0x00000002   Code   RO         7508    i.LoRaMacClassBProcess  loramacclassb.o
    0x080067cc   0x080067cc   0x00000004   Code   RO         7509    i.LoRaMacClassBRestoreNvmCtx  loramacclassb.o
    0x080067d0   0x080067d0   0x00000002   Code   RO         7510    i.LoRaMacClassBResumeBeaconing  loramacclassb.o
    0x080067d2   0x080067d2   0x00000004   Code   RO         7511    i.LoRaMacClassBRxBeacon  loramacclassb.o
    0x080067d6   0x080067d6   0x00000002   Code   RO         7512    i.LoRaMacClassBSetBeaconState  loramacclassb.o
    0x080067d8   0x080067d8   0x00000002   Code   RO         7514    i.LoRaMacClassBSetMulticastSlotState  loramacclassb.o
    0x080067da   0x080067da   0x00000002   Code   RO         7515    i.LoRaMacClassBSetPingSlotInfo  loramacclassb.o
    0x080067dc   0x080067dc   0x00000002   Code   RO         7516    i.LoRaMacClassBSetPingSlotState  loramacclassb.o
    0x080067de   0x080067de   0x00000002   Code   RO         7518    i.LoRaMacClassBStopRxSlots  loramacclassb.o
    0x080067e0   0x080067e0   0x00000004   Code   RO         7519    i.LoRaMacClassBSwitchClass  loramacclassb.o
    0x080067e4   0x080067e4   0x0000007c   Code   RO         7704    i.LoRaMacCommandsAddCmd  loramaccommands.o
    0x08006860   0x08006860   0x0000000c   Code   RO         7706    i.LoRaMacCommandsGetNvmCtx  loramaccommands.o
    0x0800686c   0x0800686c   0x00000018   Code   RO         7707    i.LoRaMacCommandsGetSizeSerializedCmds  loramaccommands.o
    0x08006884   0x08006884   0x00000028   Code   RO         7708    i.LoRaMacCommandsInit  loramaccommands.o
    0x080068ac   0x080068ac   0x00000078   Code   RO         7709    i.LoRaMacCommandsRemoveCmd  loramaccommands.o
    0x08006924   0x08006924   0x00000028   Code   RO         7710    i.LoRaMacCommandsRemoveNoneStickyCmds  loramaccommands.o
    0x0800694c   0x0800694c   0x00000040   Code   RO         7711    i.LoRaMacCommandsRemoveStickyAnsCmds  loramaccommands.o
    0x0800698c   0x0800698c   0x0000001c   Code   RO         7712    i.LoRaMacCommandsRestoreNvmCtx  loramaccommands.o
    0x080069a8   0x080069a8   0x0000004c   Code   RO         7713    i.LoRaMacCommandsSerializeCmds  loramaccommands.o
    0x080069f4   0x080069f4   0x0000002c   Code   RO         7714    i.LoRaMacCommandsStickyCmdsPending  loramaccommands.o
    0x08006a20   0x08006a20   0x00000038   Code   RO         7813    i.LoRaMacConfirmQueueAdd  loramacconfirmqueue.o
    0x08006a58   0x08006a58   0x0000000c   Code   RO         7814    i.LoRaMacConfirmQueueGetCnt  loramacconfirmqueue.o
    0x08006a64   0x08006a64   0x0000000c   Code   RO         7815    i.LoRaMacConfirmQueueGetNvmCtx  loramacconfirmqueue.o
    0x08006a70   0x08006a70   0x00000024   Code   RO         7816    i.LoRaMacConfirmQueueGetStatus  loramacconfirmqueue.o
    0x08006a94   0x08006a94   0x0000000c   Code   RO         7817    i.LoRaMacConfirmQueueGetStatusCmn  loramacconfirmqueue.o
    0x08006aa0   0x08006aa0   0x00000054   Code   RO         7818    i.LoRaMacConfirmQueueHandleCb  loramacconfirmqueue.o
    0x08006af4   0x08006af4   0x0000002c   Code   RO         7819    i.LoRaMacConfirmQueueInit  loramacconfirmqueue.o
    0x08006b20   0x08006b20   0x00000018   Code   RO         7820    i.LoRaMacConfirmQueueIsCmdActive  loramacconfirmqueue.o
    0x08006b38   0x08006b38   0x00000018   Code   RO         7821    i.LoRaMacConfirmQueueIsFull  loramacconfirmqueue.o
    0x08006b50   0x08006b50   0x00000020   Code   RO         7822    i.LoRaMacConfirmQueueRemoveFirst  loramacconfirmqueue.o
    0x08006b70   0x08006b70   0x00000018   Code   RO         7824    i.LoRaMacConfirmQueueRestoreNvmCtx  loramacconfirmqueue.o
    0x08006b88   0x08006b88   0x0000002c   Code   RO         7825    i.LoRaMacConfirmQueueSetStatus  loramacconfirmqueue.o
    0x08006bb4   0x08006bb4   0x00000030   Code   RO         7826    i.LoRaMacConfirmQueueSetStatusCmn  loramacconfirmqueue.o
    0x08006be4   0x08006be4   0x0000000c   Code   RO         7309    i.LoRaMacCryptoGetNvmCtx  loramaccrypto.o
    0x08006bf0   0x08006bf0   0x000001ac   Code   RO         7310    i.LoRaMacCryptoHandleJoinAccept  loramaccrypto.o
    0x08006d9c   0x08006d9c   0x00000058   Code   RO         7311    i.LoRaMacCryptoInit  loramaccrypto.o
    0x08006df4   0x08006df4   0x0000006c   Code   RO         7312    i.LoRaMacCryptoPrepareJoinRequest  loramaccrypto.o
    0x08006e60   0x08006e60   0x0000001c   Code   RO         7315    i.LoRaMacCryptoRestoreNvmCtx  loramaccrypto.o
    0x08006e7c   0x08006e7c   0x00000118   Code   RO         7316    i.LoRaMacCryptoSecureMessage  loramaccrypto.o
    0x08006f94   0x08006f94   0x0000000e   Code   RO         7317    i.LoRaMacCryptoSetKey  loramaccrypto.o
    0x08006fa2   0x08006fa2   0x00000002   PAD
    0x08006fa4   0x08006fa4   0x0000000c   Code   RO         7318    i.LoRaMacCryptoSetLrWanVersion  loramaccrypto.o
    0x08006fb0   0x08006fb0   0x000000d8   Code   RO         7319    i.LoRaMacCryptoUnsecureMessage  loramaccrypto.o
    0x08007088   0x08007088   0x0000000c   Code   RO         7943    i.LoRaMacFCntHandlerGetNvmCtx  loramacfcnthandler.o
    0x08007094   0x08007094   0x00000014   Code   RO         7944    i.LoRaMacFCntHandlerInit  loramacfcnthandler.o
    0x080070a8   0x080070a8   0x0000001c   Code   RO         7945    i.LoRaMacFCntHandlerRestoreNvmCtx  loramacfcnthandler.o
    0x080070c4   0x080070c4   0x00000020   Code   RO         7946    i.LoRaMacFCntHandlerSetMulticastReference  loramacfcnthandler.o
    0x080070e4   0x080070e4   0x000000b8   Code   RO         7947    i.LoRaMacGetFCntDown  loramacfcnthandler.o
    0x0800719c   0x0800719c   0x00000018   Code   RO         7948    i.LoRaMacGetFCntUp  loramacfcnthandler.o
    0x080071b4   0x080071b4   0x00000088   Code   RO         6938    i.LoRaMacHandleIndicationEvents  loramac.o
    0x0800723c   0x0800723c   0x00000084   Code   RO         6939    i.LoRaMacHandleIrqEvents  loramac.o
    0x080072c0   0x080072c0   0x000000ec   Code   RO         6940    i.LoRaMacHandleMcpsRequest  loramac.o
    0x080073ac   0x080073ac   0x00000070   Code   RO         6941    i.LoRaMacHandleRequestEvents  loramac.o
    0x0800741c   0x0800741c   0x000003c4   Code   RO         6942    i.LoRaMacInitialization  loramac.o
    0x080077e0   0x080077e0   0x00000020   Code   RO         6943    i.LoRaMacIsBusy     loramac.o
    0x08007800   0x08007800   0x00000160   Code   RO         6944    i.LoRaMacMcpsRequest  loramac.o
    0x08007960   0x08007960   0x00000004   Code   RO         7520    i.LoRaMacMibClassBSetRequestConfirm  loramacclassb.o
    0x08007964   0x08007964   0x000000f8   Code   RO         6945    i.LoRaMacMibGetRequestConfirm  loramac.o
    0x08007a5c   0x08007a5c   0x0000036c   Code   RO         6946    i.LoRaMacMibSetRequestConfirm  loramac.o
    0x08007dc8   0x08007dc8   0x0000018c   Code   RO         6947    i.LoRaMacMlmeRequest  loramac.o
    0x08007f54   0x08007f54   0x000000aa   Code   RO         8019    i.LoRaMacParserData  loramacparser.o
    0x08007ffe   0x08007ffe   0x0000009c   Code   RO         8020    i.LoRaMacParserJoinAccept  loramacparser.o
    0x0800809a   0x0800809a   0x00000002   PAD
    0x0800809c   0x0800809c   0x000000e4   Code   RO         6949    i.LoRaMacProcess    loramac.o
    0x08008180   0x08008180   0x000000b0   Code   RO         6950    i.LoRaMacQueryTxPossible  loramac.o
    0x08008230   0x08008230   0x00000024   Code   RO         7949    i.LoRaMacResetFCnts  loramacfcnthandler.o
    0x08008254   0x08008254   0x000000d0   Code   RO         8045    i.LoRaMacSerializerData  loramacserializer.o
    0x08008324   0x08008324   0x0000006c   Code   RO         8046    i.LoRaMacSerializerJoinRequest  loramacserializer.o
    0x08008390   0x08008390   0x00000044   Code   RO         7950    i.LoRaMacSetFCntDown  loramacfcnthandler.o
    0x080083d4   0x080083d4   0x00000014   Code   RO         7951    i.LoRaMacSetFCntUp  loramacfcnthandler.o
    0x080083e8   0x080083e8   0x0000000c   Code   RO         6951    i.LoRaMacStart      loramac.o
    0x080083f4   0x080083f4   0x0000000e   Code   RO         7320    i.LoraMacCryptoComputeCmac  loramaccrypto.o
    0x08008402   0x08008402   0x00000002   PAD
    0x08008404   0x08008404   0x0000000c   Code   RO         6348    i.LoraMacProcessNotify  main.o
    0x08008410   0x08008410   0x00000030   Code   RO         6517    i.MSP_GetIRQn       mlm32l0xx_hal_msp.o
    0x08008440   0x08008440   0x0000008c   Code   RO         6349    i.MX_GPIO_Init      main.o
    0x080084cc   0x080084cc   0x0000002a   Code   RO         6789    i.McpsConfirm       lora.o
    0x080084f6   0x080084f6   0x00000002   PAD
    0x080084f8   0x080084f8   0x0000006c   Code   RO         6790    i.McpsIndication    lora.o
    0x08008564   0x08008564   0x00000040   Code   RO         6791    i.MlmeConfirm       lora.o
    0x080085a4   0x080085a4   0x00000014   Code   RO         6792    i.MlmeIndication    lora.o
    0x080085b8   0x080085b8   0x00000002   Code   RO         6684    i.NMI_Handler       mlm32l0xx_it.o
    0x080085ba   0x080085ba   0x00000002   PAD
    0x080085bc   0x080085bc   0x00000010   Code   RO         7715    i.NvmCtxCallback    loramaccommands.o
    0x080085cc   0x080085cc   0x00000010   Code   RO         7952    i.NvmCtxChanged     loramacfcnthandler.o
    0x080085dc   0x080085dc   0x0000004c   Code   RO         6954    i.OnAckTimeoutTimerEvent  loramac.o
    0x08008628   0x08008628   0x00000008   Code   RO         6869    i.OnCertifTxNextPacketTimerEvent  lora-test.o
    0x08008630   0x08008630   0x00000078   Code   RO         6955    i.OnRadioRxDone     loramac.o
    0x080086a8   0x080086a8   0x00000024   Code   RO         6956    i.OnRadioRxError    loramac.o
    0x080086cc   0x080086cc   0x0000005c   Code   RO         6957    i.OnRadioRxTimeout  loramac.o
    0x08008728   0x08008728   0x00000078   Code   RO         6958    i.OnRadioTxDone     loramac.o
    0x080087a0   0x080087a0   0x0000005c   Code   RO         6959    i.OnRadioTxTimeout  loramac.o
    0x080087fc   0x080087fc   0x00000068   Code   RO         6960    i.OnRxWindow1TimerEvent  loramac.o
    0x08008864   0x08008864   0x00000068   Code   RO         6961    i.OnRxWindow2TimerEvent  loramac.o
    0x080088cc   0x080088cc   0x00000050   Code   RO         6962    i.OnTxDelayedTimerEvent  loramac.o
    0x0800891c   0x0800891c   0x00000018   Code   RO         6350    i.OnTxTimerEvent    main.o
    0x08008934   0x08008934   0x00000014   Code   RO         6963    i.OpenContinuousRx2Window  loramac.o
    0x08008948   0x08008948   0x000000bc   Code   RO         7321    i.PayloadEncrypt    loramaccrypto.o
    0x08008a04   0x08008a04   0x00000002   Code   RO         6685    i.PendSV_Handler    mlm32l0xx_it.o
    0x08008a06   0x08008a06   0x00000002   PAD
    0x08008a08   0x08008a08   0x00000064   Code   RO         7322    i.PrepareB0         loramaccrypto.o
    0x08008a6c   0x08008a6c   0x00000060   Code   RO         7323    i.PrepareB1         loramaccrypto.o
    0x08008acc   0x08008acc   0x00000164   Code   RO         6964    i.PrepareFrame      loramac.o
    0x08008c30   0x08008c30   0x00000038   Code   RO         6965    i.PrepareRxDoneAbort  loramac.o
    0x08008c68   0x08008c68   0x000004d4   Code   RO         6966    i.ProcessMacCommands  loramac.o
    0x0800913c   0x0800913c   0x000004d8   Code   RO         6967    i.ProcessRadioRxDone  loramac.o
    0x08009614   0x08009614   0x000000f8   Code   RO         6968    i.ProcessRadioTxDone  loramac.o
    0x0800970c   0x0800970c   0x00000070   Code   RO         3683    i.RCC_SetFlashLatencyFromMSIRange  stm32l0xx_hal_rcc.o
    0x0800977c   0x0800977c   0x00000010   Code   RO         4492    i.RTC_Bcd2ToByte    stm32l0xx_hal_rtc.o
    0x0800978c   0x0800978c   0x00000016   Code   RO         4493    i.RTC_ByteToBcd2    stm32l0xx_hal_rtc.o
    0x080097a2   0x080097a2   0x00000038   Code   RO         4494    i.RTC_EnterInitMode  stm32l0xx_hal_rtc.o
    0x080097da   0x080097da   0x00000008   Code   RO         6686    i.RTC_IRQHandler    mlm32l0xx_it.o
    0x080097e2   0x080097e2   0x00000004   Code   RO         8276    i.RegionAS923AlternateDr  regionas923.o
    0x080097e6   0x080097e6   0x0000007c   Code   RO         8277    i.RegionAS923ApplyCFList  regionas923.o
    0x08009862   0x08009862   0x00000002   PAD
    0x08009864   0x08009864   0x00000030   Code   RO         8278    i.RegionAS923ApplyDrOffset  regionas923.o
    0x08009894   0x08009894   0x00000034   Code   RO         8279    i.RegionAS923CalcBackOff  regionas923.o
    0x080098c8   0x080098c8   0x0000002c   Code   RO         8280    i.RegionAS923ChanMaskSet  regionas923.o
    0x080098f4   0x080098f4   0x000000a4   Code   RO         8281    i.RegionAS923ChannelAdd  regionas923.o
    0x08009998   0x08009998   0x0000002c   Code   RO         8282    i.RegionAS923ChannelsRemove  regionas923.o
    0x080099c4   0x080099c4   0x00000064   Code   RO         8283    i.RegionAS923ComputeRxWindowParameters  regionas923.o
    0x08009a28   0x08009a28   0x00000038   Code   RO         8284    i.RegionAS923DlChannelReq  regionas923.o
    0x08009a60   0x08009a60   0x0000000c   Code   RO         8285    i.RegionAS923GetNvmCtx  regionas923.o
    0x08009a6c   0x08009a6c   0x00000138   Code   RO         8286    i.RegionAS923GetPhyParam  regionas923.o
    0x08009ba4   0x08009ba4   0x00000070   Code   RO         8287    i.RegionAS923InitDefaults  regionas923.o
    0x08009c14   0x08009c14   0x0000012c   Code   RO         8288    i.RegionAS923LinkAdrReq  regionas923.o
    0x08009d40   0x08009d40   0x00000048   Code   RO         8289    i.RegionAS923NewChannelReq  regionas923.o
    0x08009d88   0x08009d88   0x000000f8   Code   RO         8290    i.RegionAS923NextChannel  regionas923.o
    0x08009e80   0x08009e80   0x000000e0   Code   RO         8292    i.RegionAS923RxConfig  regionas923.o
    0x08009f60   0x08009f60   0x0000003e   Code   RO         8293    i.RegionAS923RxParamSetupReq  regionas923.o
    0x08009f9e   0x08009f9e   0x00000002   PAD
    0x08009fa0   0x08009fa0   0x00000024   Code   RO         8294    i.RegionAS923SetBandTxDone  regionas923.o
    0x08009fc4   0x08009fc4   0x00000050   Code   RO         8295    i.RegionAS923SetContinuousWave  regionas923.o
    0x0800a014   0x0800a014   0x000000dc   Code   RO         8296    i.RegionAS923TxConfig  regionas923.o
    0x0800a0f0   0x0800a0f0   0x00000004   Code   RO         8297    i.RegionAS923TxParamSetupReq  regionas923.o
    0x0800a0f4   0x0800a0f4   0x0000004a   Code   RO         8298    i.RegionAS923Verify  regionas923.o
    0x0800a13e   0x0800a13e   0x00000016   Code   RO         8111    i.RegionAlternateDr  region.o
    0x0800a154   0x0800a154   0x0000000e   Code   RO         8112    i.RegionApplyCFList  region.o
    0x0800a162   0x0800a162   0x0000001a   Code   RO         8113    i.RegionApplyDrOffset  region.o
    0x0800a17c   0x0800a17c   0x0000000e   Code   RO         8114    i.RegionCalcBackOff  region.o
    0x0800a18a   0x0800a18a   0x00000012   Code   RO         8115    i.RegionChanMaskSet  region.o
    0x0800a19c   0x0800a19c   0x0000005c   Code   RO         8983    i.RegionCommonCalcBackOff  regioncommon.o
    0x0800a1f8   0x0800a1f8   0x00000026   Code   RO         8984    i.RegionCommonChanDisable  regioncommon.o
    0x0800a21e   0x0800a21e   0x0000001e   Code   RO         8985    i.RegionCommonChanMaskCopy  regioncommon.o
    0x0800a23c   0x0800a23c   0x00000060   Code   RO         8986    i.RegionCommonChanVerifyDr  regioncommon.o
    0x0800a29c   0x0800a29c   0x00000090   Code   RO         8987    i.RegionCommonComputeRxWindowParameters  regioncommon.o
    0x0800a32c   0x0800a32c   0x00000018   Code   RO         8988    i.RegionCommonComputeSymbolTimeFsk  regioncommon.o
    0x0800a344   0x0800a344   0x0000002c   Code   RO         8989    i.RegionCommonComputeSymbolTimeLoRa  regioncommon.o
    0x0800a370   0x0800a370   0x00000028   Code   RO         8990    i.RegionCommonComputeTxPower  regioncommon.o
    0x0800a398   0x0800a398   0x00000044   Code   RO         8991    i.RegionCommonCountChannels  regioncommon.o
    0x0800a3dc   0x0800a3dc   0x00000028   Code   RO         8992    i.RegionCommonGetJoinDc  regioncommon.o
    0x0800a404   0x0800a404   0x0000008e   Code   RO         8993    i.RegionCommonLinkAdrReqVerifyParams  regioncommon.o
    0x0800a492   0x0800a492   0x00000036   Code   RO         8994    i.RegionCommonParseLinkAdrReq  regioncommon.o
    0x0800a4c8   0x0800a4c8   0x0000000a   Code   RO         8996    i.RegionCommonSetBandTxDone  regioncommon.o
    0x0800a4d2   0x0800a4d2   0x000000be   Code   RO         8997    i.RegionCommonUpdateBandTimeOff  regioncommon.o
    0x0800a590   0x0800a590   0x00000010   Code   RO         8998    i.RegionCommonValueInRange  regioncommon.o
    0x0800a5a0   0x0800a5a0   0x0000001a   Code   RO         8118    i.RegionComputeRxWindowParameters  region.o
    0x0800a5ba   0x0800a5ba   0x00000012   Code   RO         8119    i.RegionDlChannelReq  region.o
    0x0800a5cc   0x0800a5cc   0x00000012   Code   RO         8120    i.RegionGetNvmCtx   region.o
    0x0800a5de   0x0800a5de   0x00000014   Code   RO         8121    i.RegionGetPhyParam  region.o
    0x0800a5f2   0x0800a5f2   0x0000000e   Code   RO         8122    i.RegionInitDefaults  region.o
    0x0800a600   0x0800a600   0x0000000c   Code   RO         8123    i.RegionIsActive    region.o
    0x0800a60c   0x0800a60c   0x00000022   Code   RO         8124    i.RegionLinkAdrReq  region.o
    0x0800a62e   0x0800a62e   0x00000012   Code   RO         8125    i.RegionNewChannelReq  region.o
    0x0800a640   0x0800a640   0x0000001e   Code   RO         8126    i.RegionNextChannel  region.o
    0x0800a65e   0x0800a65e   0x00000016   Code   RO         8128    i.RegionRxConfig    region.o
    0x0800a674   0x0800a674   0x00000012   Code   RO         8129    i.RegionRxParamSetupReq  region.o
    0x0800a686   0x0800a686   0x0000000e   Code   RO         8130    i.RegionSetBandTxDone  region.o
    0x0800a694   0x0800a694   0x0000000e   Code   RO         8131    i.RegionSetContinuousWave  region.o
    0x0800a6a2   0x0800a6a2   0x0000001a   Code   RO         8132    i.RegionTxConfig    region.o
    0x0800a6bc   0x0800a6bc   0x00000012   Code   RO         8133    i.RegionTxParamSetupReq  region.o
    0x0800a6ce   0x0800a6ce   0x00000016   Code   RO         8134    i.RegionVerify      region.o
    0x0800a6e4   0x0800a6e4   0x00000024   Code   RO         7324    i.ResetFCnts        loramaccrypto.o
    0x0800a708   0x0800a708   0x000000e0   Code   RO         6969    i.ResetMacParameters  loramac.o
    0x0800a7e8   0x0800a7e8   0x00000098   Code   RO         6970    i.RestoreCtxs       loramac.o
    0x0800a880   0x0800a880   0x00000094   Code   RO         1710    i.RxChainCalibration  sx1276.o
    0x0800a914   0x0800a914   0x00000018   Code   RO         6971    i.RxWindowSetup     loramac.o
    0x0800a92c   0x0800a92c   0x000000b2   Code   RO         2950    i.SPI_WaitOnFlagUntilTimeout  stm32l0xx_hal_spi.o
    0x0800a9de   0x0800a9de   0x00000002   Code   RO         6687    i.SVC_Handler       mlm32l0xx_it.o
    0x0800a9e0   0x0800a9e0   0x0000000c   Code   RO         1711    i.SX1276BoardInit   sx1276.o
    0x0800a9ec   0x0800a9ec   0x00000004   Code   RO         2727    i.SX1276CheckRfFrequency  mlm32l07x01.o
    0x0800a9f0   0x0800a9f0   0x0000000c   Code   RO         2728    i.SX1276GetPaSelect  mlm32l07x01.o
    0x0800a9fc   0x0800a9fc   0x0000000c   Code   RO         1712    i.SX1276GetStatus   sx1276.o
    0x0800aa08   0x0800aa08   0x000001e4   Code   RO         1713    i.SX1276GetTimeOnAir  sx1276.o
    0x0800abec   0x0800abec   0x00000004   Code   RO         2729    i.SX1276GetWakeTime  mlm32l07x01.o
    0x0800abf0   0x0800abf0   0x00000014   Code   RO         1714    i.SX1276GetWakeupTime  sx1276.o
    0x0800ac04   0x0800ac04   0x0000008c   Code   RO         1715    i.SX1276Init        sx1276.o
    0x0800ac90   0x0800ac90   0x00000050   Code   RO         2730    i.SX1276IoDeInit    mlm32l07x01.o
    0x0800ace0   0x0800ace0   0x00000074   Code   RO         2731    i.SX1276IoInit      mlm32l07x01.o
    0x0800ad54   0x0800ad54   0x00000044   Code   RO         2732    i.SX1276IoIrqInit   mlm32l07x01.o
    0x0800ad98   0x0800ad98   0x0000004e   Code   RO         1716    i.SX1276IsChannelFree  sx1276.o
    0x0800ade6   0x0800ade6   0x00000002   PAD
    0x0800ade8   0x0800ade8   0x00000240   Code   RO         1717    i.SX1276OnDio0Irq   sx1276.o
    0x0800b028   0x0800b028   0x000000cc   Code   RO         1718    i.SX1276OnDio1Irq   sx1276.o
    0x0800b0f4   0x0800b0f4   0x000000b4   Code   RO         1719    i.SX1276OnDio2Irq   sx1276.o
    0x0800b1a8   0x0800b1a8   0x00000054   Code   RO         1720    i.SX1276OnDio3Irq   sx1276.o
    0x0800b1fc   0x0800b1fc   0x0000001c   Code   RO         1721    i.SX1276OnDio4Irq   sx1276.o
    0x0800b218   0x0800b218   0x000000c8   Code   RO         1723    i.SX1276OnTimeoutIrq  sx1276.o
    0x0800b2e0   0x0800b2e0   0x0000003e   Code   RO         1724    i.SX1276Random      sx1276.o
    0x0800b31e   0x0800b31e   0x00000010   Code   RO         1725    i.SX1276Read        sx1276.o
    0x0800b32e   0x0800b32e   0x00000042   Code   RO         1726    i.SX1276ReadBuffer  sx1276.o
    0x0800b370   0x0800b370   0x0000000e   Code   RO         1727    i.SX1276ReadFifo    sx1276.o
    0x0800b37e   0x0800b37e   0x00000002   PAD
    0x0800b380   0x0800b380   0x00000044   Code   RO         1728    i.SX1276ReadRssi    sx1276.o
    0x0800b3c4   0x0800b3c4   0x00000050   Code   RO         1729    i.SX1276Reset       sx1276.o
    0x0800b414   0x0800b414   0x000000f0   Code   RO         1730    i.SX1276Send        sx1276.o
    0x0800b504   0x0800b504   0x00000044   Code   RO         2733    i.SX1276SetAntSw    mlm32l07x01.o
    0x0800b548   0x0800b548   0x00000074   Code   RO         2734    i.SX1276SetAntSwLowPower  mlm32l07x01.o
    0x0800b5bc   0x0800b5bc   0x00000050   Code   RO         1731    i.SX1276SetChannel  sx1276.o
    0x0800b60c   0x0800b60c   0x00000030   Code   RO         1732    i.SX1276SetMaxPayloadLength  sx1276.o
    0x0800b63c   0x0800b63c   0x00000070   Code   RO         1733    i.SX1276SetModem    sx1276.o
    0x0800b6ac   0x0800b6ac   0x0000005c   Code   RO         1734    i.SX1276SetOpMode   sx1276.o
    0x0800b708   0x0800b708   0x00000024   Code   RO         1735    i.SX1276SetPublicNetwork  sx1276.o
    0x0800b72c   0x0800b72c   0x00000098   Code   RO         2735    i.SX1276SetRfTxPower  mlm32l07x01.o
    0x0800b7c4   0x0800b7c4   0x000001fc   Code   RO         1736    i.SX1276SetRx       sx1276.o
    0x0800b9c0   0x0800b9c0   0x00000288   Code   RO         1737    i.SX1276SetRxConfig  sx1276.o
    0x0800bc48   0x0800bc48   0x00000024   Code   RO         1738    i.SX1276SetSleep    sx1276.o
    0x0800bc6c   0x0800bc6c   0x00000024   Code   RO         1739    i.SX1276SetStby     sx1276.o
    0x0800bc90   0x0800bc90   0x000000a4   Code   RO         1740    i.SX1276SetTx       sx1276.o
    0x0800bd34   0x0800bd34   0x000001fc   Code   RO         1741    i.SX1276SetTxConfig  sx1276.o
    0x0800bf30   0x0800bf30   0x0000007c   Code   RO         1742    i.SX1276SetTxContinuousWave  sx1276.o
    0x0800bfac   0x0800bfac   0x00000028   Code   RO         2736    i.SX1276SetXO       mlm32l07x01.o
    0x0800bfd4   0x0800bfd4   0x00000038   Code   RO         1743    i.SX1276StartCad    sx1276.o
    0x0800c00c   0x0800c00c   0x0000000c   Code   RO         1744    i.SX1276Write       sx1276.o
    0x0800c018   0x0800c018   0x00000042   Code   RO         1745    i.SX1276WriteBuffer  sx1276.o
    0x0800c05a   0x0800c05a   0x0000000e   Code   RO         1746    i.SX1276WriteFifo   sx1276.o
    0x0800c068   0x0800c068   0x00000168   Code   RO         6972    i.ScheduleTx        loramac.o
    0x0800c1d0   0x0800c1d0   0x00000068   Code   RO        10668    i.SecureElementAesEncrypt  soft-se.o
    0x0800c238   0x0800c238   0x00000010   Code   RO        10669    i.SecureElementComputeAesCmac  soft-se.o
    0x0800c248   0x0800c248   0x00000064   Code   RO        10670    i.SecureElementDeriveAndStoreKey  soft-se.o
    0x0800c2ac   0x0800c2ac   0x00000010   Code   RO        10671    i.SecureElementGetNvmCtx  soft-se.o
    0x0800c2bc   0x0800c2bc   0x000000a0   Code   RO        10672    i.SecureElementInit  soft-se.o
    0x0800c35c   0x0800c35c   0x00000020   Code   RO        10674    i.SecureElementRestoreNvmCtx  soft-se.o
    0x0800c37c   0x0800c37c   0x0000007c   Code   RO        10675    i.SecureElementSetKey  soft-se.o
    0x0800c3f8   0x0800c3f8   0x00000028   Code   RO        10676    i.SecureElementVerifyAesCmac  soft-se.o
    0x0800c420   0x0800c420   0x0000005c   Code   RO         6973    i.SecureFrame       loramac.o
    0x0800c47c   0x0800c47c   0x00000414   Code   RO         6351    i.Send              main.o
    0x0800c890   0x0800c890   0x00000124   Code   RO         6974    i.Send              loramac.o
    0x0800c9b4   0x0800c9b4   0x000000d4   Code   RO         6975    i.SendFrameOnChannel  loramac.o
    0x0800ca88   0x0800ca88   0x0000004c   Code   RO         6976    i.SendReJoinReq     loramac.o
    0x0800cad4   0x0800cad4   0x0000000e   Code   RO         2128    i.Sensor_IO_Init    x_nucleo_iks01a2.o
    0x0800cae2   0x0800cae2   0x00000002   PAD
    0x0800cae4   0x0800cae4   0x00000030   Code   RO         2129    i.Sensor_IO_Read    x_nucleo_iks01a2.o
    0x0800cb14   0x0800cb14   0x00000030   Code   RO         2130    i.Sensor_IO_Write   x_nucleo_iks01a2.o
    0x0800cb44   0x0800cb44   0x00000018   Code   RO         6977    i.SetMlmeScheduleUplinkIndication  loramac.o
    0x0800cb5c   0x0800cb5c   0x00000048   Code   RO         6978    i.SetTxContinuousWave  loramac.o
    0x0800cba4   0x0800cba4   0x00000028   Code   RO         6979    i.SetTxContinuousWave1  loramac.o
    0x0800cbcc   0x0800cbcc   0x00000070   Code   RO         6980    i.StopRetransmission  loramac.o
    0x0800cc3c   0x0800cc3c   0x00000080   Code   RO         6981    i.SwitchClass       loramac.o
    0x0800ccbc   0x0800ccbc   0x00000008   Code   RO         6688    i.SysTick_Handler   mlm32l0xx_it.o
    0x0800ccc4   0x0800ccc4   0x00000040   Code   RO        10492    i.SysTimeAdd        systime.o
    0x0800cd04   0x0800cd04   0x00000036   Code   RO        10493    i.SysTimeGet        systime.o
    0x0800cd3a   0x0800cd3a   0x00000018   Code   RO        10494    i.SysTimeGetMcuTime  systime.o
    0x0800cd52   0x0800cd52   0x0000003e   Code   RO        10497    i.SysTimeSet        systime.o
    0x0800cd90   0x0800cd90   0x00000040   Code   RO        10498    i.SysTimeSub        systime.o
    0x0800cdd0   0x0800cdd0   0x0000008c   Code   RO         6585    i.SystemClock_Config  mlm32l0xx_hw.o
    0x0800ce5c   0x0800ce5c   0x00000054   Code   RO         2879    i.SystemInit        system_stm32l0xx.o
    0x0800ceb0   0x0800ceb0   0x0000000c   Code   RO        10241    i.TimerGetCurrentTime  timeserver.o
    0x0800cebc   0x0800cebc   0x00000018   Code   RO        10242    i.TimerGetElapsedTime  timeserver.o
    0x0800ced4   0x0800ced4   0x00000012   Code   RO        10243    i.TimerInit         timeserver.o
    0x0800cee6   0x0800cee6   0x00000002   PAD
    0x0800cee8   0x0800cee8   0x0000001c   Code   RO        10244    i.TimerInsertNewHeadTimer  timeserver.o
    0x0800cf04   0x0800cf04   0x00000080   Code   RO        10245    i.TimerIrqHandler   timeserver.o
    0x0800cf84   0x0800cf84   0x00000004   Code   RO        10246    i.TimerIsStarted    timeserver.o
    0x0800cf88   0x0800cf88   0x0000002c   Code   RO        10249    i.TimerSetTimeout   timeserver.o
    0x0800cfb4   0x0800cfb4   0x00000022   Code   RO        10250    i.TimerSetValue     timeserver.o
    0x0800cfd6   0x0800cfd6   0x00000002   PAD
    0x0800cfd8   0x0800cfd8   0x00000074   Code   RO        10251    i.TimerStart        timeserver.o
    0x0800d04c   0x0800d04c   0x00000064   Code   RO        10252    i.TimerStop         timeserver.o
    0x0800d0b0   0x0800d0b0   0x00000020   Code   RO        10441    i.TraceInit         trace.o
    0x0800d0d0   0x0800d0d0   0x00000074   Code   RO        10442    i.TraceSend         trace.o
    0x0800d144   0x0800d144   0x00000050   Code   RO        10443    i.Trace_TxCpltCallback  trace.o
    0x0800d194   0x0800d194   0x000000ca   Code   RO         3186    i.UART_AdvFeatureConfig  stm32l0xx_hal_uart.o
    0x0800d25e   0x0800d25e   0x00000002   PAD
    0x0800d260   0x0800d260   0x00000060   Code   RO         3187    i.UART_CheckIdleState  stm32l0xx_hal_uart.o
    0x0800d2c0   0x0800d2c0   0x00000014   Code   RO         3188    i.UART_DMAAbortOnError  stm32l0xx_hal_uart.o
    0x0800d2d4   0x0800d2d4   0x0000004a   Code   RO         3189    i.UART_DMAError     stm32l0xx_hal_uart.o
    0x0800d31e   0x0800d31e   0x00000030   Code   RO         3194    i.UART_DMATransmitCplt  stm32l0xx_hal_uart.o
    0x0800d34e   0x0800d34e   0x0000000a   Code   RO         3196    i.UART_DMATxHalfCplt  stm32l0xx_hal_uart.o
    0x0800d358   0x0800d358   0x0000001e   Code   RO         3198    i.UART_EndRxTransfer  stm32l0xx_hal_uart.o
    0x0800d376   0x0800d376   0x00000012   Code   RO         3199    i.UART_EndTxTransfer  stm32l0xx_hal_uart.o
    0x0800d388   0x0800d388   0x0000007e   Code   RO         3200    i.UART_Receive_IT   stm32l0xx_hal_uart.o
    0x0800d406   0x0800d406   0x00000002   PAD
    0x0800d408   0x0800d408   0x00000230   Code   RO         3201    i.UART_SetConfig    stm32l0xx_hal_uart.o
    0x0800d638   0x0800d638   0x00000066   Code   RO         3202    i.UART_Transmit_IT  stm32l0xx_hal_uart.o
    0x0800d69e   0x0800d69e   0x00000062   Code   RO         3203    i.UART_WaitOnFlagUntilTimeout  stm32l0xx_hal_uart.o
    0x0800d700   0x0800d700   0x00000008   Code   RO         6689    i.USART2_IRQHandler  mlm32l0xx_it.o
    0x0800d708   0x0800d708   0x0000003c   Code   RO         7325    i.UpdateFCntDown    loramaccrypto.o
    0x0800d744   0x0800d744   0x00000014   Code   RO         7326    i.VerifyCmac        loramaccrypto.o
    0x0800d758   0x0800d758   0x00000066   Code   RO         7327    i.VerifyCmacB0      loramaccrypto.o
    0x0800d7be   0x0800d7be   0x00000002   PAD
    0x0800d7c0   0x0800d7c0   0x00000030   Code   RO         8299    i.VerifyRfFreq      regionas923.o
    0x0800d7f0   0x0800d7f0   0x00000020   Code   RO        11013    i.__0printf         mc_p.l(printfa.o)
    0x0800d810   0x0800d810   0x00000028   Code   RO        11015    i.__0sprintf        mc_p.l(printfa.o)
    0x0800d838   0x0800d838   0x0000002c   Code   RO        11018    i.__0vsnprintf      mc_p.l(printfa.o)
    0x0800d864   0x0800d864   0x0000002e   Code   RO        11109    i.__ARM_clz         mf_p.l(depilogue.o)
    0x0800d892   0x0800d892   0x0000001a   Code   RO          433    i.__ARM_common_switch8  hts221_driver_hl.o
    0x0800d8ac   0x0800d8ac   0x00000044   Code   RO         4075    i.__NVIC_SetPriority  stm32l0xx_hal_cortex.o
    0x0800d8f0   0x0800d8f0   0x0000000e   Code   RO        11123    i.__scatterload_copy  mc_p.l(handlers.o)
    0x0800d8fe   0x0800d8fe   0x00000002   Code   RO        11124    i.__scatterload_null  mc_p.l(handlers.o)
    0x0800d900   0x0800d900   0x0000000e   Code   RO        11125    i.__scatterload_zeroinit  mc_p.l(handlers.o)
    0x0800d90e   0x0800d90e   0x00000002   PAD
    0x0800d910   0x0800d910   0x00000174   Code   RO        11020    i._fp_digits        mc_p.l(printfa.o)
    0x0800da84   0x0800da84   0x000006ec   Code   RO        11021    i._printf_core      mc_p.l(printfa.o)
    0x0800e170   0x0800e170   0x00000020   Code   RO        11022    i._printf_post_padding  mc_p.l(printfa.o)
    0x0800e190   0x0800e190   0x0000002c   Code   RO        11023    i._printf_pre_padding  mc_p.l(printfa.o)
    0x0800e1bc   0x0800e1bc   0x00000016   Code   RO        11024    i._snputc           mc_p.l(printfa.o)
    0x0800e1d2   0x0800e1d2   0x0000000a   Code   RO        11025    i._sputc            mc_p.l(printfa.o)
    0x0800e1dc   0x0800e1dc   0x00000030   Code   RO        10389    i.add_elementSize_and_inc_writeIdx  queue.o
    0x0800e20c   0x0800e20c   0x00000054   Code   RO        10569    i.aes_encrypt       aes.o
    0x0800e260   0x0800e260   0x000000fc   Code   RO        10570    i.aes_set_key       aes.o
    0x0800e35c   0x0800e35c   0x000000c8   Code   RO        10752    i.ceil              m_ps.l(ceil.o)
    0x0800e424   0x0800e424   0x00000010   Code   RO         6870    i.certif_DownLinkIncrement  lora-test.o
    0x0800e434   0x0800e434   0x00000014   Code   RO         6871    i.certif_linkCheck  lora-test.o
    0x0800e448   0x0800e448   0x0000000c   Code   RO         6872    i.certif_running    lora-test.o
    0x0800e454   0x0800e454   0x00000194   Code   RO         6873    i.certif_rx         lora-test.o
    0x0800e5e8   0x0800e5e8   0x000000a4   Code   RO         6874    i.certif_tx         lora-test.o
    0x0800e68c   0x0800e68c   0x000000d0   Code   RO        10390    i.circular_queue_add  queue.o
    0x0800e75c   0x0800e75c   0x0000003a   Code   RO        10391    i.circular_queue_get  queue.o
    0x0800e796   0x0800e796   0x00000010   Code   RO        10392    i.circular_queue_init  queue.o
    0x0800e7a6   0x0800e7a6   0x00000050   Code   RO        10393    i.circular_queue_remove  queue.o
    0x0800e7f6   0x0800e7f6   0x00000010   Code   RO        10394    i.circular_queue_sense  queue.o
    0x0800e806   0x0800e806   0x00000084   Code   RO        10571    i.copy_and_key      aes.o
    0x0800e88a   0x0800e88a   0x00000042   Code   RO        10572    i.copy_block        aes.o
    0x0800e8cc   0x0800e8cc   0x000000c8   Code   RO        10756    i.floor             m_ps.l(floor.o)
    0x0800e994   0x0800e994   0x00000012   Code   RO        11095    i.fputc             mc_p.l(fputc.o)
    0x0800e9a6   0x0800e9a6   0x00000012   Code   RO         7716    i.freeMacCommandSlot  loramaccommands.o
    0x0800e9b8   0x0800e9b8   0x00000018   Code   RO         7717    i.isSlotFree        loramaccommands.o
    0x0800e9d0   0x0800e9d0   0x00000090   Code   RO         6352    i.main              main.o
    0x0800ea60   0x0800ea60   0x00000030   Code   RO         7718    i.mallocNewMacCommandSlot  loramaccommands.o
    0x0800ea90   0x0800ea90   0x00000016   Code   RO        10334    i.memcpy1           utilities.o
    0x0800eaa6   0x0800eaa6   0x0000001a   Code   RO        10335    i.memcpyr           utilities.o
    0x0800eac0   0x0800eac0   0x00000012   Code   RO        10336    i.memset1           utilities.o
    0x0800ead2   0x0800ead2   0x00000002   PAD
    0x0800ead4   0x0800ead4   0x00000218   Code   RO        10573    i.mix_sub_columns   aes.o
    0x0800ecec   0x0800ecec   0x00000016   Code   RO        10395    i.queue_copy        queue.o
    0x0800ed02   0x0800ed02   0x00000002   PAD
    0x0800ed04   0x0800ed04   0x0000002c   Code   RO        10337    i.rand1             utilities.o
    0x0800ed30   0x0800ed30   0x00000016   Code   RO        10338    i.randr             utilities.o
    0x0800ed46   0x0800ed46   0x00000002   PAD
    0x0800ed48   0x0800ed48   0x0000009c   Code   RO        10759    i.round             m_ps.l(round.o)
    0x0800ede4   0x0800ede4   0x00000068   Code   RO        10574    i.shift_sub_rows    aes.o
    0x0800ee4c   0x0800ee4c   0x0000000c   Code   RO        10339    i.srand1            utilities.o
    0x0800ee58   0x0800ee58   0x00000010   Code   RO         6436    i.vcom_DMA_TX_IRQHandler  vcom.o
    0x0800ee68   0x0800ee68   0x00000010   Code   RO         6438    i.vcom_IRQHandler   vcom.o
    0x0800ee78   0x0800ee78   0x0000003c   Code   RO         6439    i.vcom_Init         vcom.o
    0x0800eeb4   0x0800eeb4   0x0000005c   Code   RO         6441    i.vcom_IoInit       vcom.o
    0x0800ef10   0x0800ef10   0x00000014   Code   RO         6442    i.vcom_Trace        vcom.o
    0x0800ef24   0x0800ef24   0x00000082   Code   RO        10575    i.xor_block         aes.o
    0x0800efa6   0x0800efa6   0x00000002   PAD
    0x0800efa8   0x0800efa8   0x000000e0   Data   RO         1748    .constdata          sx1276.o
    0x0800f088   0x0800f088   0x00000074   Data   RO         2737    .constdata          mlm32l07x01.o
    0x0800f0fc   0x0800f0fc   0x0000000c   Data   RO         2822    .constdata          b-l072z-lrwan1.o
    0x0800f108   0x0800f108   0x00000019   Data   RO         2880    .constdata          system_stm32l0xx.o
    0x0800f121   0x0800f121   0x00000008   Data   RO         2881    .constdata          system_stm32l0xx.o
    0x0800f129   0x0800f129   0x00000018   Data   RO         6167    .constdata          hw_rtc.o
    0x0800f141   0x0800f141   0x00000003   PAD
    0x0800f144   0x0800f144   0x00000014   Data   RO         6794    .constdata          lora.o
    0x0800f158   0x0800f158   0x00000010   Data   RO         6983    .constdata          loramac.o
    0x0800f168   0x0800f168   0x00000003   Data   RO         7720    .constdata          loramaccommands.o
    0x0800f16b   0x0800f16b   0x00000001   PAD
    0x0800f16c   0x0800f16c   0x00000070   Data   RO         8301    .constdata          regionas923.o
    0x0800f1dc   0x0800f1dc   0x00000300   Data   RO        10576    .constdata          aes.o
    0x0800f4dc   0x0800f4dc   0x0000012a   Data   RO         6798    .conststring        lora.o
    0x0800f606   0x0800f606   0x00000002   PAD
    0x0800f608   0x0800f608   0x00000020   Data   RO        11121    Region$$Table       anon$$obj.o


    Execution Region RW_IRAM1 (Exec base: 0x20000000, Load base: 0x0800f628, Size: 0x00001c50, Max: 0x00005000, ABSOLUTE, COMPRESSED[0x00000170])

    Exec Addr    Load Addr    Size         Type   Attr      Idx    E Section Name        Object

    0x20000000   COMPRESSED   0x00000034   Data   RW          281    .data               hts221_driver_hl.o
    0x20000034   COMPRESSED   0x00000034   Data   RW          282    .data               hts221_driver_hl.o
    0x20000068   COMPRESSED   0x00000004   Data   RW          283    .data               hts221_driver_hl.o
    0x2000006c   COMPRESSED   0x00000034   Data   RW          901    .data               lps22hb_driver_hl.o
    0x200000a0   COMPRESSED   0x00000034   Data   RW          902    .data               lps22hb_driver_hl.o
    0x200000d4   COMPRESSED   0x0000003c   Data   RW          903    .data               lps22hb_driver_hl.o
    0x20000110   COMPRESSED   0x0000003c   Data   RW          904    .data               lps22hb_driver_hl.o
    0x2000014c   COMPRESSED   0x00000008   Data   RW          905    .data               lps22hb_driver_hl.o
    0x20000154   COMPRESSED   0x00000020   Data   RW         1749    .data               sx1276.o
    0x20000174   COMPRESSED   0x00000004   Data   RW         2132    .data               x_nucleo_iks01a2.o
    0x20000178   COMPRESSED   0x0000000c   Data   RW         2216    .data               x_nucleo_iks01a2_humidity.o
    0x20000184   COMPRESSED   0x0000000c   Data   RW         2362    .data               x_nucleo_iks01a2_pressure.o
    0x20000190   COMPRESSED   0x00000008   Data   RW         2560    .data               x_nucleo_iks01a2_temperature.o
    0x20000198   COMPRESSED   0x00000018   Data   RW         2738    .data               mlm32l07x01.o
    0x200001b0   COMPRESSED   0x00000014   Data   RW         2823    .data               b-l072z-lrwan1.o
    0x200001c4   COMPRESSED   0x00000004   Data   RW         2882    .data               system_stm32l0xx.o
    0x200001c8   COMPRESSED   0x00000004   Data   RW         3920    .data               stm32l0xx_hal.o
    0x200001cc   COMPRESSED   0x0000000c   Data   RW         6032    .data               bsp.o
    0x200001d8   COMPRESSED   0x00000004   Data   RW         6168    .data               hw_rtc.o
    0x200001dc   COMPRESSED   0x00000044   Data   RW         6355    .data               main.o
    0x20000220   COMPRESSED   0x00000004   Data   RW         6444    .data               vcom.o
    0x20000224   COMPRESSED   0x00000002   Data   RW         6587    .data               mlm32l0xx_hw.o
    0x20000226   COMPRESSED   0x00000002   PAD
    0x20000228   COMPRESSED   0x0000007c   Data   RW         6799    .data               lora.o
    0x200002a4   COMPRESSED   0x00000002   Data   RW         6876    .data               lora-test.o
    0x200002a6   COMPRESSED   0x00000002   PAD
    0x200002a8   COMPRESSED   0x00000008   Data   RW         6984    .data               loramac.o
    0x200002b0   COMPRESSED   0x00000014   Data   RW         7329    .data               loramaccrypto.o
    0x200002c4   COMPRESSED   0x00000004   Data   RW         7721    .data               loramaccommands.o
    0x200002c8   COMPRESSED   0x00000004   Data   RW         7954    .data               loramacfcnthandler.o
    0x200002cc   COMPRESSED   0x00000008   Data   RW        10175    .data               low_power_manager.o
    0x200002d4   COMPRESSED   0x00000004   Data   RW        10254    .data               timeserver.o
    0x200002d8   COMPRESSED   0x00000004   Data   RW        10340    .data               utilities.o
    0x200002dc   COMPRESSED   0x00000001   Data   RW        10445    .data               trace.o
    0x200002dd   COMPRESSED   0x00000003   PAD
    0x200002e0   COMPRESSED   0x00000004   Data   RW        10678    .data               soft-se.o
    0x200002e4   COMPRESSED   0x00000004   Data   RW        11097    .data               mc_p.l(stdout.o)
    0x200002e8        -       0x000001b0   Zero   RW         1747    .bss                sx1276.o
    0x20000498        -       0x0000004c   Zero   RW         2131    .bss                x_nucleo_iks01a2.o
    0x200004e4        -       0x00000014   Zero   RW         2215    .bss                x_nucleo_iks01a2_humidity.o
    0x200004f8        -       0x00000014   Zero   RW         2361    .bss                x_nucleo_iks01a2_pressure.o
    0x2000050c        -       0x00000038   Zero   RW         2559    .bss                x_nucleo_iks01a2_temperature.o
    0x20000544        -       0x00000040   Zero   RW         6100    .bss                hw_gpio.o
    0x20000584        -       0x00000068   Zero   RW         6166    .bss                hw_rtc.o
    0x200005ec        -       0x00000058   Zero   RW         6303    .bss                hw_spi.o
    0x20000644        -       0x00000040   Zero   RW         6353    .bss                main.o
    0x20000684        -       0x00000030   Zero   RW         6354    .bss                main.o
    0x200006b4        -       0x000000b0   Zero   RW         6443    .bss                vcom.o
    0x20000764        -       0x00000060   Zero   RW         6586    .bss                mlm32l0xx_hw.o
    0x200007c4        -       0x00000044   Zero   RW         6793    .bss                lora.o
    0x20000808        -       0x00000062   Zero   RW         6875    .bss                lora-test.o
    0x2000086a   COMPRESSED   0x00000002   PAD
    0x2000086c        -       0x000006f0   Zero   RW         6982    .bss                loramac.o
    0x20000f5c        -       0x00000040   Zero   RW         7328    .bss                loramaccrypto.o
    0x20000f9c        -       0x000000fc   Zero   RW         7719    .bss                loramaccommands.o
    0x20001098        -       0x0000002c   Zero   RW         7827    .bss                loramacconfirmqueue.o
    0x200010c4        -       0x00000020   Zero   RW         7953    .bss                loramacfcnthandler.o
    0x200010e4        -       0x000000d4   Zero   RW         8300    .bss                regionas923.o
    0x200011b8        -       0x00000110   Zero   RW        10444    .bss                trace.o
    0x200012c8        -       0x00000384   Zero   RW        10677    .bss                soft-se.o
    0x2000164c   COMPRESSED   0x00000004   PAD
    0x20001650        -       0x00000600   Zero   RW         6021    STACK               startup_stm32l072xx.o


==============================================================================

Image component sizes


      Code (inc. data)   RO Data    RW Data    ZI Data      Debug   Object Name

      1304         12        768          0          0      15120   aes.o
       164         32         12         20          0       3448   b-l072z-lrwan1.o
       132         18          0         12          0       2873   bsp.o
       554          0          0          0          0       5093   cmac.o
       120         20          0          0          0       1463   debug.o
      1004        198          0          0          0      20640   hts221_driver.o
      1006         38          0        108          0      30618   hts221_driver_hl.o
       238         28          0          0         64       4021   hw_gpio.o
      1014        116         24          4        104      14325   hw_rtc.o
       260         28          0          0         88       2701   hw_spi.o
       624         52          0          2         98       5915   lora-test.o
      1190        162        318        124         68       9097   lora.o
     10464        766         16          8       1776      80288   loramac.o
       192          0          0          0          0       3293   loramacadr.o
        90          0          0          0          0      21063   loramacclassb.o
       678         68          3          4        252      13249   loramaccommands.o
       504         64          0          0         44      24859   loramacconfirmqueue.o
      2634        106          0         20         64      29138   loramaccrypto.o
       440         64          0          4         32       9103   loramacfcnthandler.o
       326          0          0          0          0       2278   loramacparser.o
       316          0          0          0          0       2335   loramacserializer.o
       120         16          0          8          0       2985   low_power_manager.o
      1230          0          0          0          0      28989   lps22hb_driver.o
      1672        100          0        232          0      42075   lps22hb_driver_hl.o
      1930        336          0         68        112      29436   main.o
       660         52        116         24          0      13405   mlm32l07x01.o
       218         14          0          0          0       4440   mlm32l0xx_hal_msp.o
       888        134          0          2         96       9004   mlm32l0xx_hw.o
       166          0          0          0          0       5549   mlm32l0xx_it.o
       448          0          0          0          0       6803   queue.o
       418          0          0          0          0      24979   region.o
      2658        244        112          0        212      29506   regionas923.o
      1028         22          0          0          0      15026   regioncommon.o
       754         52          0          4        900      10937   soft-se.o
        28          8        192          0       1536        652   startup_stm32l072xx.o
       108         30          0          4          0       4684   stm32l0xx_hal.o
      1026         36          0          0          0       7192   stm32l0xx_hal_adc.o
       170          0          0          0          0       1618   stm32l0xx_hal_adc_ex.o
       100         14          0          0          0      10868   stm32l0xx_hal_cortex.o
      1164         20          0          0          0       4998   stm32l0xx_hal_dma.o
       424         38          0          0          0       3295   stm32l0xx_hal_gpio.o
      1568         40          0          0          0      15264   stm32l0xx_hal_i2c.o
        16          4          0          0          0        577   stm32l0xx_hal_pwr.o
        32          8          0          0          0       1201   stm32l0xx_hal_pwr_ex.o
      1772        114          0          0          0       7196   stm32l0xx_hal_rcc.o
       844         56          0          0          0       3561   stm32l0xx_hal_rcc_ex.o
      1514         26          0          0          0      10296   stm32l0xx_hal_rtc.o
        84          0          0          0          0       2690   stm32l0xx_hal_rtc_ex.o
      1008          0          0          0          0       4595   stm32l0xx_hal_spi.o
      1974        100          0          0          0      14968   stm32l0xx_hal_uart.o
         2          0          0          0          0       1168   stm32l0xx_hal_uart_ex.o
      5296        316        224         32        432     451675   sx1276.o
        84         18         33          4          0       1683   system_stm32l0xx.o
       268          0          0          0          0       5408   systime.o
       508         18          0          4          0       8984   timeserver.o
       228         28          0          1        272       4319   trace.o
       144         24          0          4          0       4811   utilities.o
       360         52          0          4        176       4723   vcom.o
       378         58          0          4         76       6169   x_nucleo_iks01a2.o
       192         16          0         12         20       5718   x_nucleo_iks01a2_humidity.o
       204         22          0         12         20       7429   x_nucleo_iks01a2_pressure.o
       356         38          0          8         56       5834   x_nucleo_iks01a2_temperature.o

    ----------------------------------------------------------------------
     55376       3826       1856        740       6504    1125630   Object Totals
         0          0         32          0          0          0   (incl. Generated)
        80          0          6          7          6          0   (incl. Padding)

    ----------------------------------------------------------------------

      Code (inc. data)   RO Data    RW Data    ZI Data      Debug   Library Member Name

       200         20          0          0          0         76   ceil.o
       200         20          0          0          0         76   floor.o
       156         14          0          0          0         84   round.o
        86          0          0          0          0          0   __dczerorl2.o
         0          0          0          0          0          0   entry.o
         0          0          0          0          0          0   entry10a.o
         0          0          0          0          0          0   entry11a.o
         8          4          0          0          0          0   entry2.o
         4          0          0          0          0          0   entry5.o
         0          0          0          0          0          0   entry7b.o
         0          0          0          0          0          0   entry8b.o
         8          4          0          0          0          0   entry9a.o
        18          0          0          0          0         72   fputc.o
        30          0          0          0          0          0   handlers.o
        40          0          0          0          0         72   idiv.o
        36          8          0          0          0         68   init.o
         0          0          0          0          0          0   iusefp.o
         0          0          0          0          0          0   iusesemip.o
        32          0          0          0          0         68   llshl.o
        38          0          0          0          0         68   llsshr.o
        34          0          0          0          0         68   llushr.o
        36          0          0          0          0         60   memcpya.o
        36          0          0          0          0        100   memseta.o
      2368        106          0          0          0        688   printfa.o
         0          0          0          0          0          0   semi.o
         0          0          0          4          0          0   stdout.o
        14          0          0          0          0         60   strlen.o
        44          0          0          0          0         72   uidiv.o
        96          0          0          0          0         84   uldiv.o
        20          0          0          0          0         60   uread4.o
        40          2          0          0          0         68   cdcmple.o
        40          2          0          0          0         68   cdrcmple.o
       356          4          0          0          0        140   dadd.o
       240          6          0          0          0         84   ddiv.o
       236          0          0          0          0        216   depilogue.o
        72         10          0          0          0         72   dfixi.o
        60         10          0          0          0         68   dfixui.o
        64         10          0          0          0         68   dfixul.o
        40          6          0          0          0         68   dflti.o
        28          4          0          0          0         68   dfltui.o
       208          6          0          0          0         88   dmul.o
       124         10          0          0          0         76   drnd.o
        44          0          0          0          0         72   dscalb.o
        40          0          0          0          0         60   f2d.o
       178          0          0          0          0        108   fadd.o
       124          0          0          0          0         72   fdiv.o
       130          0          0          0          0        144   fepilogue.o
        50          0          0          0          0         60   ffixi.o
        40          0          0          0          0         60   ffixui.o
        22          0          0          0          0         68   fflti.o
        14          0          0          0          0         68   ffltui.o
       122          0          0          0          0         72   fmul.o

    ----------------------------------------------------------------------
      5784        246          0          4          0       3644   Library Totals
         8          0          0          0          0          0   (incl. Padding)

    ----------------------------------------------------------------------

      Code (inc. data)   RO Data    RW Data    ZI Data      Debug   Library Name

       556         54          0          0          0        236   m_ps.l
      2948        122          0          4          0       1540   mc_p.l
      2272         70          0          0          0       1868   mf_p.l

    ----------------------------------------------------------------------
      5784        246          0          4          0       3644   Library Totals

    ----------------------------------------------------------------------

==============================================================================


      Code (inc. data)   RO Data    RW Data    ZI Data      Debug   

     61160       4072       1856        744       6504    1099122   Grand Totals
     61160       4072       1856        368       6504    1099122   ELF Image Totals (compressed)
     61160       4072       1856        368          0          0   ROM Totals

==============================================================================

    Total RO  Size (Code + RO Data)                63016 (  61.54kB)
    Total RW  Size (RW Data + ZI Data)              7248 (   7.08kB)
    Total ROM Size (Code + RO Data + RW Data)      63384 (  61.90kB)

==============================================================================

